Using pre-set license
Built from '2022.3/staging' branch; Version is '2022.3.9f1 (ea401c316338) revision 15351836'; Using compiler version '192829333'; Build Type 'Release'
OS: 'Windows 11  (10.0.26200) 64bit Professional' Language: 'en' Physical Memory: 8100 MB
BatchMode: 1, IsHumanControllingUs: 0, StartBugReporterOnCrash: 0, Is64bit: 1, IsPro: 1

COMMAND LINE ARGUMENTS:
E:\Unity Hub\Editor\2022.3.9f1\Editor\Unity.exe
-adb2
-batchMode
-noUpm
-name
AssetImportWorker3
-projectPath
E:/UnityProjects/Playback Protocol/SilentlyTrans/SilentTrans
-logFile
Logs/AssetImportWorker3.log
-srvPort
63492
Successfully changed project path to: E:/UnityProjects/Playback Protocol/SilentlyTrans/SilentTrans
E:/UnityProjects/Playback Protocol/SilentlyTrans/SilentTrans
[UnityMemory] Configuration Parameters - Can be set up in boot.config
    "memorysetup-bucket-allocator-granularity=16"
    "memorysetup-bucket-allocator-bucket-count=8"
    "memorysetup-bucket-allocator-block-size=33554432"
    "memorysetup-bucket-allocator-block-count=8"
    "memorysetup-main-allocator-block-size=16777216"
    "memorysetup-thread-allocator-block-size=16777216"
    "memorysetup-gfx-main-allocator-block-size=16777216"
    "memorysetup-gfx-thread-allocator-block-size=16777216"
    "memorysetup-cache-allocator-block-size=4194304"
    "memorysetup-typetree-allocator-block-size=2097152"
    "memorysetup-profiler-bucket-allocator-granularity=16"
    "memorysetup-profiler-bucket-allocator-bucket-count=8"
    "memorysetup-profiler-bucket-allocator-block-size=33554432"
    "memorysetup-profiler-bucket-allocator-block-count=8"
    "memorysetup-profiler-allocator-block-size=16777216"
    "memorysetup-profiler-editor-allocator-block-size=1048576"
    "memorysetup-temp-allocator-size-main=16777216"
    "memorysetup-job-temp-allocator-block-size=2097152"
    "memorysetup-job-temp-allocator-block-size-background=1048576"
    "memorysetup-job-temp-allocator-reduction-small-platforms=262144"
    "memorysetup-allocator-temp-initial-block-size-main=262144"
    "memorysetup-allocator-temp-initial-block-size-worker=262144"
    "memorysetup-temp-allocator-size-background-worker=32768"
    "memorysetup-temp-allocator-size-job-worker=262144"
    "memorysetup-temp-allocator-size-preload-manager=33554432"
    "memorysetup-temp-allocator-size-nav-mesh-worker=65536"
    "memorysetup-temp-allocator-size-audio-worker=65536"
    "memorysetup-temp-allocator-size-cloud-worker=32768"
    "memorysetup-temp-allocator-size-gi-baking-worker=262144"
    "memorysetup-temp-allocator-size-gfx=262144"
Player connection [12848] Host "[IP] 192.168.1.80 [Port] 0 [Flags] 2 [Guid] 2437053079 [EditorId] 2437053079 [Version] 1048832 [Id] WindowsEditor(7,DESKTOP-PDVMFC3) [Debug] 1 [PackageName] WindowsEditor [ProjectName] Editor" joined multi-casting on [225.0.0.222:54997]...

Player connection [12848] Host "[IP] 192.168.1.80 [Port] 0 [Flags] 2 [Guid] 2437053079 [EditorId] 2437053079 [Version] 1048832 [Id] WindowsEditor(7,DESKTOP-PDVMFC3) [Debug] 1 [PackageName] WindowsEditor [ProjectName] Editor" joined alternative multi-casting on [225.0.0.222:34997]...

[Physics::Module] Initialized MultithreadedJobDispatcher with 11 workers.
Refreshing native plugins compatible for Editor in 4.24 ms, found 1 plugins.
Preloading 0 native plugins for Editor in 0.00 ms.
Initialize engine version: 2022.3.9f1 (ea401c316338)
[Subsystems] Discovering subsystems at path E:/Unity Hub/Editor/2022.3.9f1/Editor/Data/Resources/UnitySubsystems
[Subsystems] Discovering subsystems at path E:/UnityProjects/Playback Protocol/SilentlyTrans/SilentTrans/Assets
GfxDevice: creating device client; threaded=0; jobified=0
Direct3D:
    Version:  Direct3D 11.0 [level 11.1]
    Renderer: NVIDIA GeForce RTX 3060 Ti (ID=0x2489)
    Vendor:   NVIDIA
    VRAM:     8024 MB
    Driver:   32.0.15.8157
Initialize mono
Mono path[0] = 'E:/Unity Hub/Editor/2022.3.9f1/Editor/Data/Managed'
Mono path[1] = 'E:/Unity Hub/Editor/2022.3.9f1/Editor/Data/MonoBleedingEdge/lib/mono/unityjit-win32'
Mono config path = 'E:/Unity Hub/Editor/2022.3.9f1/Editor/Data/MonoBleedingEdge/etc'
Using monoOptions --debugger-agent=transport=dt_socket,embedding=1,server=y,suspend=n,address=127.0.0.1:56540
Begin MonoManager ReloadAssembly
Registering precompiled unity dll's ...
Register platform support module: E:/Unity Hub/Editor/2022.3.9f1/Editor/Data/PlaybackEngines/AndroidPlayer/UnityEditor.Android.Extensions.dll
Register platform support module: E:/Unity Hub/Editor/2022.3.9f1/Editor/Data/PlaybackEngines/WindowsStandaloneSupport/UnityEditor.WindowsStandalone.Extensions.dll
Register platform support module: E:/Unity Hub/Editor/2022.3.9f1/Editor/Data/PlaybackEngines/MetroSupport/UnityEditor.UWP.Extensions.dll
Registered in 0.005561 seconds.
- Loaded All Assemblies, in  0.401 seconds
Native extension for UWP target not found
Native extension for WindowsStandalone target not found
Native extension for Android target not found
Android Extension - Scanning For ADB Devices 378 ms
Mono: successfully reloaded assembly
- Finished resetting the current domain, in  0.804 seconds
Domain Reload Profiling: 1205ms
	BeginReloadAssembly (128ms)
		ExecutionOrderSort (0ms)
		DisableScriptedObjects (0ms)
		BackupInstance (0ms)
		ReleaseScriptingObjects (0ms)
		CreateAndSetChildDomain (1ms)
	RebuildCommonClasses (36ms)
	RebuildNativeTypeToScriptingClass (11ms)
	initialDomainReloadingComplete (54ms)
	LoadAllAssembliesAndSetupDomain (171ms)
		LoadAssemblies (128ms)
		RebuildTransferFunctionScriptingTraits (0ms)
		AnalyzeDomain (168ms)
			TypeCache.Refresh (166ms)
				TypeCache.ScanAssembly (150ms)
			ScanForSourceGeneratedMonoScriptInfo (0ms)
			ResolveRequiredComponents (1ms)
	FinalizeReload (805ms)
		ReleaseScriptCaches (0ms)
		RebuildScriptCaches (0ms)
		SetupLoadedEditorAssemblies (743ms)
			LogAssemblyErrors (0ms)
			InitializePlatformSupportModulesInManaged (530ms)
			SetLoadedEditorAssemblies (6ms)
			RefreshPlugins (0ms)
			BeforeProcessingInitializeOnLoad (3ms)
			ProcessInitializeOnLoadAttributes (139ms)
			ProcessInitializeOnLoadMethodAttributes (65ms)
			AfterProcessingInitializeOnLoad (0ms)
			EditorAssembliesLoaded (0ms)
		ExecutionOrderSort2 (0ms)
		AwakeInstancesAfterBackupRestoration (0ms)
========================================================================
Worker process is ready to serve import requests
Begin MonoManager ReloadAssembly
- Loaded All Assemblies, in  0.603 seconds
Refreshing native plugins compatible for Editor in 1.69 ms, found 1 plugins.
Native extension for UWP target not found
Native extension for WindowsStandalone target not found
Native extension for Android target not found
Mono: successfully reloaded assembly
- Finished resetting the current domain, in  0.426 seconds
Domain Reload Profiling: 1030ms
	BeginReloadAssembly (191ms)
		ExecutionOrderSort (0ms)
		DisableScriptedObjects (8ms)
		BackupInstance (0ms)
		ReleaseScriptingObjects (0ms)
		CreateAndSetChildDomain (38ms)
	RebuildCommonClasses (41ms)
	RebuildNativeTypeToScriptingClass (12ms)
	initialDomainReloadingComplete (37ms)
	LoadAllAssembliesAndSetupDomain (322ms)
		LoadAssemblies (288ms)
		RebuildTransferFunctionScriptingTraits (0ms)
		AnalyzeDomain (130ms)
			TypeCache.Refresh (113ms)
				TypeCache.ScanAssembly (99ms)
			ScanForSourceGeneratedMonoScriptInfo (11ms)
			ResolveRequiredComponents (4ms)
	FinalizeReload (426ms)
		ReleaseScriptCaches (0ms)
		RebuildScriptCaches (0ms)
		SetupLoadedEditorAssemblies (265ms)
			LogAssemblyErrors (0ms)
			InitializePlatformSupportModulesInManaged (20ms)
			SetLoadedEditorAssemblies (3ms)
			RefreshPlugins (0ms)
			BeforeProcessingInitializeOnLoad (47ms)
			ProcessInitializeOnLoadAttributes (168ms)
			ProcessInitializeOnLoadMethodAttributes (23ms)
			AfterProcessingInitializeOnLoad (3ms)
			EditorAssembliesLoaded (0ms)
		ExecutionOrderSort2 (0ms)
		AwakeInstancesAfterBackupRestoration (7ms)
Launched and connected shader compiler UnityShaderCompiler.exe after 0.08 seconds
Refreshing native plugins compatible for Editor in 2.04 ms, found 1 plugins.
Preloading 0 native plugins for Editor in 0.00 ms.
Unloading 2778 Unused Serialized files (Serialized files now loaded: 0)
Unloading 22 unused Assets / (53.1 KB). Loaded Objects now: 3251.
Memory consumption went from 113.8 MB to 113.7 MB.
Total: 3.970800 ms (FindLiveObjects: 0.318400 ms CreateObjectMapping: 0.085500 ms MarkObjects: 3.441800 ms  DeleteObjects: 0.123200 ms)

AssetImportParameters requested are different than current active one (requested -> active):
  custom:video-decoder-webm-vp8: 9c59270c3fd7afecdb556c50c9e8de78 -> 
  custom:SearchIndexIgnoredProperties: e643bd26f0fe6173181afceb89e7c659 -> 
  custom:container-demuxer-ogg: 62fdf1f143b41e24485cea50d1cbac27 -> 
  custom:AudioImporter_EditorPlatform: d09bf68614088b80899f8185d706f6e7 -> 
  custom:video-codec-MediaFoundation-h265: 746d11721c4dcdbdad8f713fa42b33f4 -> 
  custom:video-decoder-ogg-theora: a1e56fd34408186e4bbccfd4996cb3dc -> 
  custom:framework-win-MediaFoundation: 216162199b28c13a410421893ffa2e32 -> 
  custom:video-encoder-webm-vp8: eb34c28f22e8b96e1ab97ce403110664 -> 
  custom:audio-decoder-ogg-vorbis: bf7c407c2cedff20999df2af8eb42d56 -> 
  custom:CustomObjectIndexerAttribute: 756ad292c208cfabdd7b50bc23989ffe -> 
  custom:container-demuxer-webm: 4f35f7cbe854078d1ac9338744f61a02 -> 
  custom:audio-encoder-webm-vorbis: bf7c407c2cedff20999df2af8eb42d56 -> 
  custom:container-muxer-webm: aa71ff27fc2769a1b78a27578f13a17b -> 
========================================================================
Received Import Request.
  Time since last request: 4189.658365 seconds.
  path: Assets/BK_AlchemistHouse/Textures/Surfaces/StoneWall01_o.png
  artifactKey: Guid(f1e967e5b508a1641a3d4bcc107d57e9) Importer(815301076,1909f56bfc062723c751e8b465ee728b)
Start importing Assets/BK_AlchemistHouse/Textures/Surfaces/StoneWall01_o.png using Guid(f1e967e5b508a1641a3d4bcc107d57e9) Importer(815301076,1909f56bfc062723c751e8b465ee728b)  -> (artifact id: 'b491ddb6b14521f793a0b63c9f3f88c3') in 0.261418 seconds
Number of updated asset objects reloaded before import = 0
Number of asset objects unloaded after import = 2
========================================================================
Received Import Request.
  Time since last request: 0.000032 seconds.
  path: Assets/BK_AlchemistHouse/Textures/Surfaces/WoodRough06.png
  artifactKey: Guid(eb0032588b1c1b9459edf3427ee6ad0a) Importer(815301076,1909f56bfc062723c751e8b465ee728b)
Start importing Assets/BK_AlchemistHouse/Textures/Surfaces/WoodRough06.png using Guid(eb0032588b1c1b9459edf3427ee6ad0a) Importer(815301076,1909f56bfc062723c751e8b465ee728b)  -> (artifact id: '0a54a721637c6d34ae269bb8e63b21af') in 0.249901 seconds
Number of updated asset objects reloaded before import = 0
Number of asset objects unloaded after import = 2
========================================================================
Received Import Request.
  Time since last request: 0.000019 seconds.
  path: Assets/BK_AlchemistHouse/Textures/Surfaces/Materials/Concrete01.mat
  artifactKey: Guid(85a4b8835cd432945be5aa832855f434) Importer(815301076,1909f56bfc062723c751e8b465ee728b)
Start importing Assets/BK_AlchemistHouse/Textures/Surfaces/Materials/Concrete01.mat using Guid(85a4b8835cd432945be5aa832855f434) Importer(815301076,1909f56bfc062723c751e8b465ee728b)  -> (artifact id: '6740388e227439fc4573e767cf17dc57') in 0.646983 seconds
Number of updated asset objects reloaded before import = 0
Number of asset objects unloaded after import = 3
========================================================================
Received Import Request.
  Time since last request: 0.000046 seconds.
  path: Assets/BK_AlchemistHouse/Textures/Surfaces/WindowGlass01_n.png
  artifactKey: Guid(9be0cef80f4e7da4fbd146dc23544d4d) Importer(815301076,1909f56bfc062723c751e8b465ee728b)
Start importing Assets/BK_AlchemistHouse/Textures/Surfaces/WindowGlass01_n.png using Guid(9be0cef80f4e7da4fbd146dc23544d4d) Importer(815301076,1909f56bfc062723c751e8b465ee728b)  -> (artifact id: 'd91cb52a464ffd641c7b5312d34fa68e') in 0.157421 seconds
Number of updated asset objects reloaded before import = 0
Number of asset objects unloaded after import = 2
========================================================================
Received Import Request.
  Time since last request: 0.000019 seconds.
  path: Assets/BK_AlchemistHouse/Textures/Surfaces/WoodRough04.png
  artifactKey: Guid(0057866526dcfe04bbe8d4f18f059eb7) Importer(815301076,1909f56bfc062723c751e8b465ee728b)
Start importing Assets/BK_AlchemistHouse/Textures/Surfaces/WoodRough04.png using Guid(0057866526dcfe04bbe8d4f18f059eb7) Importer(815301076,1909f56bfc062723c751e8b465ee728b)  -> (artifact id: 'c1d21441c194c0f65557b7eebe4942b1') in 0.172370 seconds
Number of updated asset objects reloaded before import = 0
Number of asset objects unloaded after import = 2
========================================================================
Received Import Request.
  Time since last request: 0.000019 seconds.
  path: Assets/BK_AlchemistHouse/Textures/Surfaces/Materials/Blackboard.mat
  artifactKey: Guid(4cf0fa5bb9003da4da57a64ce103ccd2) Importer(815301076,1909f56bfc062723c751e8b465ee728b)
Start importing Assets/BK_AlchemistHouse/Textures/Surfaces/Materials/Blackboard.mat using Guid(4cf0fa5bb9003da4da57a64ce103ccd2) Importer(815301076,1909f56bfc062723c751e8b465ee728b)  -> (artifact id: '97ee7d5dc6b77a0f9305340c0f0e60a7') in 0.393212 seconds
Number of updated asset objects reloaded before import = 0
Number of asset objects unloaded after import = 4
========================================================================
Received Import Request.
  Time since last request: 0.000026 seconds.
  path: Assets/BK_AlchemistHouse/Textures/Surfaces/PlasterBare05_n.png
  artifactKey: Guid(4a9c918292748f746a4535ff8e0c6d02) Importer(815301076,1909f56bfc062723c751e8b465ee728b)
Start importing Assets/BK_AlchemistHouse/Textures/Surfaces/PlasterBare05_n.png using Guid(4a9c918292748f746a4535ff8e0c6d02) Importer(815301076,1909f56bfc062723c751e8b465ee728b)  -> (artifact id: 'de528e778e2b24df9e5a35f817d77322') in 0.351588 seconds
Number of updated asset objects reloaded before import = 0
Number of asset objects unloaded after import = 2
========================================================================
Received Import Request.
  Time since last request: 0.000025 seconds.
  path: Assets/BK_AlchemistHouse/Textures/Surfaces/WoodRough06_n.png
  artifactKey: Guid(d50df15fd8dfd2140b1ad5f43a512545) Importer(815301076,1909f56bfc062723c751e8b465ee728b)
Start importing Assets/BK_AlchemistHouse/Textures/Surfaces/WoodRough06_n.png using Guid(d50df15fd8dfd2140b1ad5f43a512545) Importer(815301076,1909f56bfc062723c751e8b465ee728b)  -> (artifact id: '6859a768f95b9b11f9744e1eeb2bfe4c') in 0.246576 seconds
Number of updated asset objects reloaded before import = 0
Number of asset objects unloaded after import = 2
========================================================================
Received Import Request.
  Time since last request: 0.000025 seconds.
  path: Assets/BK_AlchemistHouse/Textures/Surfaces/PlasterBare02b_m.png
  artifactKey: Guid(e8ddbc37b11280446a9f211cf16dbd68) Importer(815301076,1909f56bfc062723c751e8b465ee728b)
Start importing Assets/BK_AlchemistHouse/Textures/Surfaces/PlasterBare02b_m.png using Guid(e8ddbc37b11280446a9f211cf16dbd68) Importer(815301076,1909f56bfc062723c751e8b465ee728b)  -> (artifact id: 'e80d93b6a8f5fd1e63172be672532f1d') in 0.394106 seconds
Number of updated asset objects reloaded before import = 0
Number of asset objects unloaded after import = 2
========================================================================
Received Import Request.
  Time since last request: 0.000020 seconds.
  path: Assets/BK_AlchemistHouse/Textures/Surfaces/Wood01.png
  artifactKey: Guid(3e620385ab3380545be7f8dbbbfcca13) Importer(815301076,1909f56bfc062723c751e8b465ee728b)
Start importing Assets/BK_AlchemistHouse/Textures/Surfaces/Wood01.png using Guid(3e620385ab3380545be7f8dbbbfcca13) Importer(815301076,1909f56bfc062723c751e8b465ee728b)  -> (artifact id: 'b2cbe6a3decf2105e12f8268721aede2') in 0.055519 seconds
Number of updated asset objects reloaded before import = 0
Number of asset objects unloaded after import = 2
========================================================================
Received Import Request.
  Time since last request: 0.000035 seconds.
  path: Assets/BK_AlchemistHouse/Textures/Surfaces/Materials/Marble.mat
  artifactKey: Guid(4ba394515829af7468d71400f809fd46) Importer(815301076,1909f56bfc062723c751e8b465ee728b)
Start importing Assets/BK_AlchemistHouse/Textures/Surfaces/Materials/Marble.mat using Guid(4ba394515829af7468d71400f809fd46) Importer(815301076,1909f56bfc062723c751e8b465ee728b)  -> (artifact id: '642d3292135602f06bf2eef717d5a364') in 0.706003 seconds
Number of updated asset objects reloaded before import = 0
Number of asset objects unloaded after import = 4
========================================================================
Received Import Request.
  Time since last request: 0.000018 seconds.
  path: Assets/BK_AlchemistHouse/Textures/Surfaces/WoodRough08Planks.png
  artifactKey: Guid(a09d363d23fcdbe43b8c322371a0836b) Importer(815301076,1909f56bfc062723c751e8b465ee728b)
Start importing Assets/BK_AlchemistHouse/Textures/Surfaces/WoodRough08Planks.png using Guid(a09d363d23fcdbe43b8c322371a0836b) Importer(815301076,1909f56bfc062723c751e8b465ee728b)  -> (artifact id: '4813400b552e121ca664de3af9cb2a02') in 0.350226 seconds
Number of updated asset objects reloaded before import = 0
Number of asset objects unloaded after import = 2
========================================================================
Received Import Request.
  Time since last request: 0.000171 seconds.
  path: Assets/BK_AlchemistHouse/Textures/Surfaces/WoodRough08Planks_n.png
  artifactKey: Guid(cac882e104de84f4b8019dd3229c6f56) Importer(815301076,1909f56bfc062723c751e8b465ee728b)
Start importing Assets/BK_AlchemistHouse/Textures/Surfaces/WoodRough08Planks_n.png using Guid(cac882e104de84f4b8019dd3229c6f56) Importer(815301076,1909f56bfc062723c751e8b465ee728b)  -> (artifact id: '4445f36568e7274cc2d731ad4feb62a8') in 0.097884 seconds
Number of updated asset objects reloaded before import = 0
Number of asset objects unloaded after import = 2
========================================================================
Received Import Request.
  Time since last request: 0.000017 seconds.
  path: Assets/BK_AlchemistHouse/Textures/Surfaces/StoneFloor01_o.png
  artifactKey: Guid(cad321a69a2e5824095905c5794b4ef1) Importer(815301076,1909f56bfc062723c751e8b465ee728b)
Start importing Assets/BK_AlchemistHouse/Textures/Surfaces/StoneFloor01_o.png using Guid(cad321a69a2e5824095905c5794b4ef1) Importer(815301076,1909f56bfc062723c751e8b465ee728b)  -> (artifact id: 'd511c11eb30d47358e3709dae2d67d43') in 0.277243 seconds
Number of updated asset objects reloaded before import = 0
Number of asset objects unloaded after import = 2
========================================================================
Received Import Request.
  Time since last request: 0.000020 seconds.
  path: Assets/BK_AlchemistHouse/Textures/Surfaces/WoodRough05.png
  artifactKey: Guid(0c50e67fe610fe246a2a802c6f723c87) Importer(815301076,1909f56bfc062723c751e8b465ee728b)
Start importing Assets/BK_AlchemistHouse/Textures/Surfaces/WoodRough05.png using Guid(0c50e67fe610fe246a2a802c6f723c87) Importer(815301076,1909f56bfc062723c751e8b465ee728b)  -> (artifact id: 'bb14c4d6a9bf0a101439975429defa7c') in 0.017356 seconds
Number of updated asset objects reloaded before import = 0
Number of asset objects unloaded after import = 2
========================================================================
Received Import Request.
  Time since last request: 0.000026 seconds.
  path: Assets/BK_AlchemistHouse/Textures/Surfaces/Materials/WoodRough07.mat
  artifactKey: Guid(d097b69ad773c2a46b67dc35e742e4f4) Importer(815301076,1909f56bfc062723c751e8b465ee728b)
Start importing Assets/BK_AlchemistHouse/Textures/Surfaces/Materials/WoodRough07.mat using Guid(d097b69ad773c2a46b67dc35e742e4f4) Importer(815301076,1909f56bfc062723c751e8b465ee728b)  -> (artifact id: '9a478cdf1075c41e53c62563f7240230') in 0.419847 seconds
Number of updated asset objects reloaded before import = 0
Number of asset objects unloaded after import = 4
========================================================================
Received Import Request.
  Time since last request: 0.000028 seconds.
  path: Assets/BK_AlchemistHouse/Textures/Surfaces/Materials/WoodRough08.mat
  artifactKey: Guid(845f7980ac6dd194f98b517f8b1b9b85) Importer(815301076,1909f56bfc062723c751e8b465ee728b)
Start importing Assets/BK_AlchemistHouse/Textures/Surfaces/Materials/WoodRough08.mat using Guid(845f7980ac6dd194f98b517f8b1b9b85) Importer(815301076,1909f56bfc062723c751e8b465ee728b)  -> (artifact id: 'd41cc48eda4d43e9206afb144db20a46') in 0.379481 seconds
Number of updated asset objects reloaded before import = 0
Number of asset objects unloaded after import = 4
========================================================================
Received Import Request.
  Time since last request: 0.000033 seconds.
  path: Assets/BK_AlchemistHouse/Textures/Surfaces/PlasterBare02b_n.png
  artifactKey: Guid(550627d54d27e4f4fb740e08e7c1b3da) Importer(815301076,1909f56bfc062723c751e8b465ee728b)
Start importing Assets/BK_AlchemistHouse/Textures/Surfaces/PlasterBare02b_n.png using Guid(550627d54d27e4f4fb740e08e7c1b3da) Importer(815301076,1909f56bfc062723c751e8b465ee728b)  -> (artifact id: 'b6e85643be080aa1ab2db57387188b7e') in 0.315724 seconds
Number of updated asset objects reloaded before import = 0
Number of asset objects unloaded after import = 2
========================================================================
Received Import Request.
  Time since last request: 0.000047 seconds.
  path: Assets/BK_AlchemistHouse/Textures/Surfaces/FineWood01.png
  artifactKey: Guid(f8e388030a5371048b6b7aa78772d093) Importer(815301076,1909f56bfc062723c751e8b465ee728b)
Start importing Assets/BK_AlchemistHouse/Textures/Surfaces/FineWood01.png using Guid(f8e388030a5371048b6b7aa78772d093) Importer(815301076,1909f56bfc062723c751e8b465ee728b)  -> (artifact id: '64e501b1b1938c25e57bf453b8045f15') in 0.114685 seconds
Number of updated asset objects reloaded before import = 0
Number of asset objects unloaded after import = 2
========================================================================
Received Import Request.
  Time since last request: 0.000015 seconds.
  path: Assets/BK_AlchemistHouse/Textures/Surfaces/WoodRough03b.png
  artifactKey: Guid(77fc207aad2500c4f93021f3bc07ad1f) Importer(815301076,1909f56bfc062723c751e8b465ee728b)
Start importing Assets/BK_AlchemistHouse/Textures/Surfaces/WoodRough03b.png using Guid(77fc207aad2500c4f93021f3bc07ad1f) Importer(815301076,1909f56bfc062723c751e8b465ee728b)  -> (artifact id: 'ed4edb3bd399aaef786f309ee438c3ca') in 0.050303 seconds
Number of updated asset objects reloaded before import = 0
Number of asset objects unloaded after import = 2
========================================================================
Received Import Request.
  Time since last request: 0.000016 seconds.
  path: Assets/BK_AlchemistHouse/Textures/Surfaces/StoneWall01_p.png
  artifactKey: Guid(6612ac6029e12cd4a9c722c780dccef7) Importer(815301076,1909f56bfc062723c751e8b465ee728b)
Start importing Assets/BK_AlchemistHouse/Textures/Surfaces/StoneWall01_p.png using Guid(6612ac6029e12cd4a9c722c780dccef7) Importer(815301076,1909f56bfc062723c751e8b465ee728b)  -> (artifact id: '8130c1a03bc4e15a4b0e07d012a9e28f') in 0.143393 seconds
Number of updated asset objects reloaded before import = 0
Number of asset objects unloaded after import = 2
Editor requested this worker to shutdown with reason: Scaling down because of idle timeout
TcpMessagingSession - receive error: operation aborted. errorcode: 995, details: The I/O operation has been aborted because of either a thread exit or an application request.
AssetImportWorker is now disconnected from the server
Process exiting
Exiting without the bug reporter. Application will terminate with return code 0