Using pre-set license
Built from '2022.3/staging' branch; Version is '2022.3.9f1 (ea401c316338) revision 15351836'; Using compiler version '192829333'; Build Type 'Release'
OS: 'Windows 11  (10.0.26200) 64bit Professional' Language: 'en' Physical Memory: 8100 MB
BatchMode: 1, IsHumanControllingUs: 0, StartBugReporterOnCrash: 0, Is64bit: 1, IsPro: 1

COMMAND LINE ARGUMENTS:
E:\Unity Hub\Editor\2022.3.9f1\Editor\Unity.exe
-adb2
-batchMode
-noUpm
-name
AssetImportWorker2
-projectPath
E:/UnityProjects/Playback Protocol/SilentlyTrans/SilentTrans
-logFile
Logs/AssetImportWorker2.log
-srvPort
63492
Successfully changed project path to: E:/UnityProjects/Playback Protocol/SilentlyTrans/SilentTrans
E:/UnityProjects/Playback Protocol/SilentlyTrans/SilentTrans
[UnityMemory] Configuration Parameters - Can be set up in boot.config
    "memorysetup-bucket-allocator-granularity=16"
    "memorysetup-bucket-allocator-bucket-count=8"
    "memorysetup-bucket-allocator-block-size=33554432"
    "memorysetup-bucket-allocator-block-count=8"
    "memorysetup-main-allocator-block-size=16777216"
    "memorysetup-thread-allocator-block-size=16777216"
    "memorysetup-gfx-main-allocator-block-size=16777216"
    "memorysetup-gfx-thread-allocator-block-size=16777216"
    "memorysetup-cache-allocator-block-size=4194304"
    "memorysetup-typetree-allocator-block-size=2097152"
    "memorysetup-profiler-bucket-allocator-granularity=16"
    "memorysetup-profiler-bucket-allocator-bucket-count=8"
    "memorysetup-profiler-bucket-allocator-block-size=33554432"
    "memorysetup-profiler-bucket-allocator-block-count=8"
    "memorysetup-profiler-allocator-block-size=16777216"
    "memorysetup-profiler-editor-allocator-block-size=1048576"
    "memorysetup-temp-allocator-size-main=16777216"
    "memorysetup-job-temp-allocator-block-size=2097152"
    "memorysetup-job-temp-allocator-block-size-background=1048576"
    "memorysetup-job-temp-allocator-reduction-small-platforms=262144"
    "memorysetup-allocator-temp-initial-block-size-main=262144"
    "memorysetup-allocator-temp-initial-block-size-worker=262144"
    "memorysetup-temp-allocator-size-background-worker=32768"
    "memorysetup-temp-allocator-size-job-worker=262144"
    "memorysetup-temp-allocator-size-preload-manager=33554432"
    "memorysetup-temp-allocator-size-nav-mesh-worker=65536"
    "memorysetup-temp-allocator-size-audio-worker=65536"
    "memorysetup-temp-allocator-size-cloud-worker=32768"
    "memorysetup-temp-allocator-size-gi-baking-worker=262144"
    "memorysetup-temp-allocator-size-gfx=262144"
Player connection [21384] Host "[IP] 192.168.1.80 [Port] 0 [Flags] 2 [Guid] 2569443781 [EditorId] 2569443781 [Version] 1048832 [Id] WindowsEditor(7,DESKTOP-PDVMFC3) [Debug] 1 [PackageName] WindowsEditor [ProjectName] Editor" joined multi-casting on [225.0.0.222:54997]...

Player connection [21384] Host "[IP] 192.168.1.80 [Port] 0 [Flags] 2 [Guid] 2569443781 [EditorId] 2569443781 [Version] 1048832 [Id] WindowsEditor(7,DESKTOP-PDVMFC3) [Debug] 1 [PackageName] WindowsEditor [ProjectName] Editor" joined alternative multi-casting on [225.0.0.222:34997]...

[Physics::Module] Initialized MultithreadedJobDispatcher with 11 workers.
Refreshing native plugins compatible for Editor in 4.21 ms, found 1 plugins.
Preloading 0 native plugins for Editor in 0.00 ms.
Initialize engine version: 2022.3.9f1 (ea401c316338)
[Subsystems] Discovering subsystems at path E:/Unity Hub/Editor/2022.3.9f1/Editor/Data/Resources/UnitySubsystems
[Subsystems] Discovering subsystems at path E:/UnityProjects/Playback Protocol/SilentlyTrans/SilentTrans/Assets
GfxDevice: creating device client; threaded=0; jobified=0
Direct3D:
    Version:  Direct3D 11.0 [level 11.1]
    Renderer: NVIDIA GeForce RTX 3060 Ti (ID=0x2489)
    Vendor:   NVIDIA
    VRAM:     8024 MB
    Driver:   32.0.15.8157
Initialize mono
Mono path[0] = 'E:/Unity Hub/Editor/2022.3.9f1/Editor/Data/Managed'
Mono path[1] = 'E:/Unity Hub/Editor/2022.3.9f1/Editor/Data/MonoBleedingEdge/lib/mono/unityjit-win32'
Mono config path = 'E:/Unity Hub/Editor/2022.3.9f1/Editor/Data/MonoBleedingEdge/etc'
Using monoOptions --debugger-agent=transport=dt_socket,embedding=1,server=y,suspend=n,address=127.0.0.1:56272
Begin MonoManager ReloadAssembly
Registering precompiled unity dll's ...
Register platform support module: E:/Unity Hub/Editor/2022.3.9f1/Editor/Data/PlaybackEngines/AndroidPlayer/UnityEditor.Android.Extensions.dll
Register platform support module: E:/Unity Hub/Editor/2022.3.9f1/Editor/Data/PlaybackEngines/WindowsStandaloneSupport/UnityEditor.WindowsStandalone.Extensions.dll
Register platform support module: E:/Unity Hub/Editor/2022.3.9f1/Editor/Data/PlaybackEngines/MetroSupport/UnityEditor.UWP.Extensions.dll
Registered in 0.005220 seconds.
- Loaded All Assemblies, in  0.406 seconds
Native extension for UWP target not found
Native extension for WindowsStandalone target not found
Native extension for Android target not found
Android Extension - Scanning For ADB Devices 327 ms
Mono: successfully reloaded assembly
- Finished resetting the current domain, in  0.754 seconds
Domain Reload Profiling: 1160ms
	BeginReloadAssembly (125ms)
		ExecutionOrderSort (0ms)
		DisableScriptedObjects (0ms)
		BackupInstance (0ms)
		ReleaseScriptingObjects (0ms)
		CreateAndSetChildDomain (1ms)
	RebuildCommonClasses (43ms)
	RebuildNativeTypeToScriptingClass (13ms)
	initialDomainReloadingComplete (55ms)
	LoadAllAssembliesAndSetupDomain (169ms)
		LoadAssemblies (125ms)
		RebuildTransferFunctionScriptingTraits (0ms)
		AnalyzeDomain (166ms)
			TypeCache.Refresh (164ms)
				TypeCache.ScanAssembly (147ms)
			ScanForSourceGeneratedMonoScriptInfo (1ms)
			ResolveRequiredComponents (0ms)
	FinalizeReload (755ms)
		ReleaseScriptCaches (0ms)
		RebuildScriptCaches (0ms)
		SetupLoadedEditorAssemblies (690ms)
			LogAssemblyErrors (0ms)
			InitializePlatformSupportModulesInManaged (468ms)
			SetLoadedEditorAssemblies (5ms)
			RefreshPlugins (0ms)
			BeforeProcessingInitializeOnLoad (2ms)
			ProcessInitializeOnLoadAttributes (143ms)
			ProcessInitializeOnLoadMethodAttributes (71ms)
			AfterProcessingInitializeOnLoad (0ms)
			EditorAssembliesLoaded (0ms)
		ExecutionOrderSort2 (0ms)
		AwakeInstancesAfterBackupRestoration (0ms)
========================================================================
Worker process is ready to serve import requests
Begin MonoManager ReloadAssembly
- Loaded All Assemblies, in  0.628 seconds
Refreshing native plugins compatible for Editor in 1.32 ms, found 1 plugins.
Native extension for UWP target not found
Native extension for WindowsStandalone target not found
Native extension for Android target not found
Mono: successfully reloaded assembly
- Finished resetting the current domain, in  0.413 seconds
Domain Reload Profiling: 1041ms
	BeginReloadAssembly (194ms)
		ExecutionOrderSort (0ms)
		DisableScriptedObjects (7ms)
		BackupInstance (0ms)
		ReleaseScriptingObjects (0ms)
		CreateAndSetChildDomain (30ms)
	RebuildCommonClasses (57ms)
	RebuildNativeTypeToScriptingClass (14ms)
	initialDomainReloadingComplete (38ms)
	LoadAllAssembliesAndSetupDomain (324ms)
		LoadAssemblies (296ms)
		RebuildTransferFunctionScriptingTraits (0ms)
		AnalyzeDomain (141ms)
			TypeCache.Refresh (124ms)
				TypeCache.ScanAssembly (108ms)
			ScanForSourceGeneratedMonoScriptInfo (13ms)
			ResolveRequiredComponents (3ms)
	FinalizeReload (414ms)
		ReleaseScriptCaches (0ms)
		RebuildScriptCaches (0ms)
		SetupLoadedEditorAssemblies (247ms)
			LogAssemblyErrors (0ms)
			InitializePlatformSupportModulesInManaged (20ms)
			SetLoadedEditorAssemblies (2ms)
			RefreshPlugins (0ms)
			BeforeProcessingInitializeOnLoad (47ms)
			ProcessInitializeOnLoadAttributes (155ms)
			ProcessInitializeOnLoadMethodAttributes (20ms)
			AfterProcessingInitializeOnLoad (3ms)
			EditorAssembliesLoaded (0ms)
		ExecutionOrderSort2 (0ms)
		AwakeInstancesAfterBackupRestoration (8ms)
Launched and connected shader compiler UnityShaderCompiler.exe after 0.07 seconds
Refreshing native plugins compatible for Editor in 1.75 ms, found 1 plugins.
Preloading 0 native plugins for Editor in 0.00 ms.
Unloading 2778 Unused Serialized files (Serialized files now loaded: 0)
Unloading 22 unused Assets / (53.1 KB). Loaded Objects now: 3251.
Memory consumption went from 113.8 MB to 113.7 MB.
Total: 5.664800 ms (FindLiveObjects: 0.506500 ms CreateObjectMapping: 0.117500 ms MarkObjects: 4.836200 ms  DeleteObjects: 0.202700 ms)

AssetImportParameters requested are different than current active one (requested -> active):
  custom:video-decoder-webm-vp8: 9c59270c3fd7afecdb556c50c9e8de78 -> 
  custom:SearchIndexIgnoredProperties: e643bd26f0fe6173181afceb89e7c659 -> 
  custom:container-demuxer-ogg: 62fdf1f143b41e24485cea50d1cbac27 -> 
  custom:AudioImporter_EditorPlatform: d09bf68614088b80899f8185d706f6e7 -> 
  custom:video-codec-MediaFoundation-h265: 746d11721c4dcdbdad8f713fa42b33f4 -> 
  custom:video-decoder-ogg-theora: a1e56fd34408186e4bbccfd4996cb3dc -> 
  custom:framework-win-MediaFoundation: 216162199b28c13a410421893ffa2e32 -> 
  custom:video-encoder-webm-vp8: eb34c28f22e8b96e1ab97ce403110664 -> 
  custom:audio-decoder-ogg-vorbis: bf7c407c2cedff20999df2af8eb42d56 -> 
  custom:CustomObjectIndexerAttribute: 756ad292c208cfabdd7b50bc23989ffe -> 
  custom:container-demuxer-webm: 4f35f7cbe854078d1ac9338744f61a02 -> 
  custom:audio-encoder-webm-vorbis: bf7c407c2cedff20999df2af8eb42d56 -> 
  custom:container-muxer-webm: aa71ff27fc2769a1b78a27578f13a17b -> 
========================================================================
Received Import Request.
  Time since last request: 4189.295935 seconds.
  path: Assets/BK_AlchemistHouse/Textures/Surfaces/SurfaceRefraction.png
  artifactKey: Guid(27c6a4c12cc19a34590aa2197c62e348) Importer(815301076,1909f56bfc062723c751e8b465ee728b)
Start importing Assets/BK_AlchemistHouse/Textures/Surfaces/SurfaceRefraction.png using Guid(27c6a4c12cc19a34590aa2197c62e348) Importer(815301076,1909f56bfc062723c751e8b465ee728b)  -> (artifact id: 'dc9d31dc4bca9aa4507dc2580e6608c8') in 0.610379 seconds
Number of updated asset objects reloaded before import = 0
Number of asset objects unloaded after import = 2
========================================================================
Received Import Request.
  Time since last request: 0.000038 seconds.
  path: Assets/BK_AlchemistHouse/Textures/Surfaces
  artifactKey: Guid(ef52440dbe5097344a968288ce2c708a) Importer(815301076,1909f56bfc062723c751e8b465ee728b)
Start importing Assets/BK_AlchemistHouse/Textures/Surfaces using Guid(ef52440dbe5097344a968288ce2c708a) Importer(815301076,1909f56bfc062723c751e8b465ee728b)  -> (artifact id: 'e48e50e216de272f30114a2285c35de3') in 0.000612 seconds
Number of updated asset objects reloaded before import = 0
Number of asset objects unloaded after import = 0
========================================================================
Received Import Request.
  Time since last request: 0.000086 seconds.
  path: Assets/BK_AlchemistHouse/Textures/Surfaces/WoodOrn_n.png
  artifactKey: Guid(d62f808f2c2496d4ea7e13ed25a838cc) Importer(815301076,1909f56bfc062723c751e8b465ee728b)
Start importing Assets/BK_AlchemistHouse/Textures/Surfaces/WoodOrn_n.png using Guid(d62f808f2c2496d4ea7e13ed25a838cc) Importer(815301076,1909f56bfc062723c751e8b465ee728b)  -> (artifact id: '987951c776967eb307ef4e2c2fb2c50a') in 0.195885 seconds
Number of updated asset objects reloaded before import = 0
Number of asset objects unloaded after import = 2
========================================================================
Received Import Request.
  Time since last request: 0.000025 seconds.
  path: Assets/BK_AlchemistHouse/Textures/Surfaces/StoneFloor01_m.png
  artifactKey: Guid(7b37ea35b5dab564eaba1c920bf09589) Importer(815301076,1909f56bfc062723c751e8b465ee728b)
Start importing Assets/BK_AlchemistHouse/Textures/Surfaces/StoneFloor01_m.png using Guid(7b37ea35b5dab564eaba1c920bf09589) Importer(815301076,1909f56bfc062723c751e8b465ee728b)  -> (artifact id: 'a2acbaf7838ebf51ca0d91f9883f458a') in 0.237058 seconds
Number of updated asset objects reloaded before import = 0
Number of asset objects unloaded after import = 2
========================================================================
Received Import Request.
  Time since last request: 0.000033 seconds.
  path: Assets/BK_AlchemistHouse/Textures/Surfaces/BlackboardWorldmap.png
  artifactKey: Guid(6bab8dfbe4c0c9049a034023c0a5957f) Importer(815301076,1909f56bfc062723c751e8b465ee728b)
Start importing Assets/BK_AlchemistHouse/Textures/Surfaces/BlackboardWorldmap.png using Guid(6bab8dfbe4c0c9049a034023c0a5957f) Importer(815301076,1909f56bfc062723c751e8b465ee728b)  -> (artifact id: 'dee78e136cd4fd80b40427ee2143c0b7') in 0.179925 seconds
Number of updated asset objects reloaded before import = 0
Number of asset objects unloaded after import = 2
========================================================================
Received Import Request.
  Time since last request: 0.000019 seconds.
  path: Assets/BK_AlchemistHouse/Textures/Surfaces/WoodRough05_n.png
  artifactKey: Guid(b1a8a7cdc6ab1f34387b5bcf372b0a72) Importer(815301076,1909f56bfc062723c751e8b465ee728b)
Start importing Assets/BK_AlchemistHouse/Textures/Surfaces/WoodRough05_n.png using Guid(b1a8a7cdc6ab1f34387b5bcf372b0a72) Importer(815301076,1909f56bfc062723c751e8b465ee728b)  -> (artifact id: 'bda1c0e1b8deb7126e92c3ffe25f9d3b') in 0.022175 seconds
Number of updated asset objects reloaded before import = 0
Number of asset objects unloaded after import = 2
========================================================================
Received Import Request.
  Time since last request: 0.000017 seconds.
  path: Assets/BK_AlchemistHouse/Textures/Surfaces/WoodRough08.png
  artifactKey: Guid(e0a73c8096c6b484db1a96808135961c) Importer(815301076,1909f56bfc062723c751e8b465ee728b)
Start importing Assets/BK_AlchemistHouse/Textures/Surfaces/WoodRough08.png using Guid(e0a73c8096c6b484db1a96808135961c) Importer(815301076,1909f56bfc062723c751e8b465ee728b)  -> (artifact id: '697e9757ec788e333931883a988f0226') in 0.173413 seconds
Number of updated asset objects reloaded before import = 0
Number of asset objects unloaded after import = 2
========================================================================
Received Import Request.
  Time since last request: 0.000030 seconds.
  path: Assets/BK_AlchemistHouse/Textures/Surfaces/StoneWall01_m.png
  artifactKey: Guid(718c84efcf4527a4780447d7b7612c9f) Importer(815301076,1909f56bfc062723c751e8b465ee728b)
Start importing Assets/BK_AlchemistHouse/Textures/Surfaces/StoneWall01_m.png using Guid(718c84efcf4527a4780447d7b7612c9f) Importer(815301076,1909f56bfc062723c751e8b465ee728b)  -> (artifact id: 'afea2d7396a8da20b574c929dfcc10cc') in 0.184163 seconds
Number of updated asset objects reloaded before import = 0
Number of asset objects unloaded after import = 2
========================================================================
Received Import Request.
  Time since last request: 0.000021 seconds.
  path: Assets/BK_AlchemistHouse/Textures/Surfaces/Blackboard01.png
  artifactKey: Guid(ea8683e961a77604888fe76f52b5b29b) Importer(815301076,1909f56bfc062723c751e8b465ee728b)
Start importing Assets/BK_AlchemistHouse/Textures/Surfaces/Blackboard01.png using Guid(ea8683e961a77604888fe76f52b5b29b) Importer(815301076,1909f56bfc062723c751e8b465ee728b)  -> (artifact id: '4239a44ad06f593a6ff2a90aed27180a') in 0.417155 seconds
Number of updated asset objects reloaded before import = 0
Number of asset objects unloaded after import = 2
========================================================================
Received Import Request.
  Time since last request: 0.000024 seconds.
  path: Assets/BK_AlchemistHouse/Textures/Surfaces/Materials/Carpet02.mat
  artifactKey: Guid(418637881e60dcd4ea0195be9f0f5074) Importer(815301076,1909f56bfc062723c751e8b465ee728b)
Start importing Assets/BK_AlchemistHouse/Textures/Surfaces/Materials/Carpet02.mat using Guid(418637881e60dcd4ea0195be9f0f5074) Importer(815301076,1909f56bfc062723c751e8b465ee728b)  -> (artifact id: '5887952915b85538edc62f7b60542033') in 0.755690 seconds
Number of updated asset objects reloaded before import = 0
Number of asset objects unloaded after import = 4
========================================================================
Received Import Request.
  Time since last request: 0.000028 seconds.
  path: Assets/BK_AlchemistHouse/Textures/Surfaces/Materials/Wicker.mat
  artifactKey: Guid(06127da1c477d2d418e07715b914e57f) Importer(815301076,1909f56bfc062723c751e8b465ee728b)
Start importing Assets/BK_AlchemistHouse/Textures/Surfaces/Materials/Wicker.mat using Guid(06127da1c477d2d418e07715b914e57f) Importer(815301076,1909f56bfc062723c751e8b465ee728b)  -> (artifact id: '51cd3d5ccba9e350fd63a723fc446be4') in 0.575644 seconds
Number of updated asset objects reloaded before import = 0
Number of asset objects unloaded after import = 5
========================================================================
Received Import Request.
  Time since last request: 0.000019 seconds.
  path: Assets/BK_AlchemistHouse/Textures/Surfaces/Materials/Porcelain.mat
  artifactKey: Guid(155b605af525f794681e7fec7b8eb829) Importer(815301076,1909f56bfc062723c751e8b465ee728b)
Start importing Assets/BK_AlchemistHouse/Textures/Surfaces/Materials/Porcelain.mat using Guid(155b605af525f794681e7fec7b8eb829) Importer(815301076,1909f56bfc062723c751e8b465ee728b)  -> (artifact id: '5b8bdec6c3e64826e3a3ce1780955de9') in 0.210452 seconds
Number of updated asset objects reloaded before import = 0
Number of asset objects unloaded after import = 2
========================================================================
Received Import Request.
  Time since last request: 0.000027 seconds.
  path: Assets/BK_AlchemistHouse/Textures/Surfaces/PlasterBare02.png
  artifactKey: Guid(2e76e829a8dc96644864c9605abb5876) Importer(815301076,1909f56bfc062723c751e8b465ee728b)
Start importing Assets/BK_AlchemistHouse/Textures/Surfaces/PlasterBare02.png using Guid(2e76e829a8dc96644864c9605abb5876) Importer(815301076,1909f56bfc062723c751e8b465ee728b)  -> (artifact id: '9311f4c4f19985092841bdf3e1a64942') in 0.018365 seconds
Number of updated asset objects reloaded before import = 0
Number of asset objects unloaded after import = 2
========================================================================
Received Import Request.
  Time since last request: 0.000016 seconds.
  path: Assets/BK_AlchemistHouse/Textures/Surfaces/TileFloor01.png
  artifactKey: Guid(f09311a436dc36143a25f8946d882a6b) Importer(815301076,1909f56bfc062723c751e8b465ee728b)
Start importing Assets/BK_AlchemistHouse/Textures/Surfaces/TileFloor01.png using Guid(f09311a436dc36143a25f8946d882a6b) Importer(815301076,1909f56bfc062723c751e8b465ee728b)  -> (artifact id: '5c97f30eb0612e2edf35881b224e73aa') in 0.131422 seconds
Number of updated asset objects reloaded before import = 0
Number of asset objects unloaded after import = 2
========================================================================
Received Import Request.
  Time since last request: 0.000020 seconds.
  path: Assets/BK_AlchemistHouse/Textures/Surfaces/Materials/Metal.mat
  artifactKey: Guid(0a95b9b121d14d7489c8ac73a9d1cbfb) Importer(815301076,1909f56bfc062723c751e8b465ee728b)
Start importing Assets/BK_AlchemistHouse/Textures/Surfaces/Materials/Metal.mat using Guid(0a95b9b121d14d7489c8ac73a9d1cbfb) Importer(815301076,1909f56bfc062723c751e8b465ee728b)  -> (artifact id: 'd8a638c241d270071432da506c29f6fb') in 0.101010 seconds
Number of updated asset objects reloaded before import = 0
Number of asset objects unloaded after import = 2
========================================================================
Received Import Request.
  Time since last request: 0.000016 seconds.
  path: Assets/BK_AlchemistHouse/Textures/Surfaces/WoodRough04_m.png
  artifactKey: Guid(c5384f3258180634f8035df6299889ed) Importer(815301076,1909f56bfc062723c751e8b465ee728b)
Start importing Assets/BK_AlchemistHouse/Textures/Surfaces/WoodRough04_m.png using Guid(c5384f3258180634f8035df6299889ed) Importer(815301076,1909f56bfc062723c751e8b465ee728b)  -> (artifact id: '7f1c7e42599bb6e318d9919c239749d3') in 0.009583 seconds
Number of updated asset objects reloaded before import = 0
Number of asset objects unloaded after import = 2
========================================================================
Received Import Request.
  Time since last request: 0.000028 seconds.
  path: Assets/BK_AlchemistHouse/Textures/Surfaces/Wicker_m.png
  artifactKey: Guid(5441bde106a531e4b9f3dec76b948b6c) Importer(815301076,1909f56bfc062723c751e8b465ee728b)
Start importing Assets/BK_AlchemistHouse/Textures/Surfaces/Wicker_m.png using Guid(5441bde106a531e4b9f3dec76b948b6c) Importer(815301076,1909f56bfc062723c751e8b465ee728b)  -> (artifact id: 'daec857f5c1c64ac4d8aaa195c60ab1a') in 0.007476 seconds
Number of updated asset objects reloaded before import = 0
Number of asset objects unloaded after import = 2
========================================================================
Received Import Request.
  Time since last request: 0.000035 seconds.
  path: Assets/BK_AlchemistHouse/Textures/Surfaces/Materials/WindowGlass01.mat
  artifactKey: Guid(7ab425a825ef0764cb72aeb8fa748828) Importer(815301076,1909f56bfc062723c751e8b465ee728b)
Start importing Assets/BK_AlchemistHouse/Textures/Surfaces/Materials/WindowGlass01.mat using Guid(7ab425a825ef0764cb72aeb8fa748828) Importer(815301076,1909f56bfc062723c751e8b465ee728b)  -> (artifact id: '0bec92e616e8caace21fbf7749811b90') in 0.427952 seconds
Number of updated asset objects reloaded before import = 0
Number of asset objects unloaded after import = 5
========================================================================
Received Import Request.
  Time since last request: 0.000021 seconds.
  path: Assets/BK_AlchemistHouse/Textures/Surfaces/StoneFloor01_h.png
  artifactKey: Guid(9b0f1710e932570498ce077615f0a2e6) Importer(815301076,1909f56bfc062723c751e8b465ee728b)
Start importing Assets/BK_AlchemistHouse/Textures/Surfaces/StoneFloor01_h.png using Guid(9b0f1710e932570498ce077615f0a2e6) Importer(815301076,1909f56bfc062723c751e8b465ee728b)  -> (artifact id: '7826253e89862dc8c291d3aa6cd3f9bc') in 0.018552 seconds
Number of updated asset objects reloaded before import = 0
Number of asset objects unloaded after import = 2
========================================================================
Received Import Request.
  Time since last request: 0.000037 seconds.
  path: Assets/BK_AlchemistHouse/Textures/Surfaces/WindowsGlass01_m.png
  artifactKey: Guid(a5303d6d530f0c545af98ea96da954fe) Importer(815301076,1909f56bfc062723c751e8b465ee728b)
Start importing Assets/BK_AlchemistHouse/Textures/Surfaces/WindowsGlass01_m.png using Guid(a5303d6d530f0c545af98ea96da954fe) Importer(815301076,1909f56bfc062723c751e8b465ee728b)  -> (artifact id: '6f36e58717432613df3c47a33f516d85') in 0.015790 seconds
Number of updated asset objects reloaded before import = 0
Number of asset objects unloaded after import = 2
========================================================================
Received Import Request.
  Time since last request: 0.000017 seconds.
  path: Assets/BK_AlchemistHouse/Textures/Surfaces/WoodRough03_m.png
  artifactKey: Guid(9478768ae7c7f98409973d018db15c21) Importer(815301076,1909f56bfc062723c751e8b465ee728b)
Start importing Assets/BK_AlchemistHouse/Textures/Surfaces/WoodRough03_m.png using Guid(9478768ae7c7f98409973d018db15c21) Importer(815301076,1909f56bfc062723c751e8b465ee728b)  -> (artifact id: 'bd8924fa8cd03b542903e65443c2f441') in 0.284318 seconds
Number of updated asset objects reloaded before import = 0
Number of asset objects unloaded after import = 2
========================================================================
Received Import Request.
  Time since last request: 0.000026 seconds.
  path: Assets/BK_AlchemistHouse/Textures/Surfaces/Materials/Grey.mat
  artifactKey: Guid(6d4888ffcb936b0489c71b6a79763754) Importer(815301076,1909f56bfc062723c751e8b465ee728b)
Start importing Assets/BK_AlchemistHouse/Textures/Surfaces/Materials/Grey.mat using Guid(6d4888ffcb936b0489c71b6a79763754) Importer(815301076,1909f56bfc062723c751e8b465ee728b)  -> (artifact id: '1415898f5703ea1ba6c96c2f4e53f3ef') in 0.017682 seconds
Number of updated asset objects reloaded before import = 0
Number of asset objects unloaded after import = 1
========================================================================
Received Import Request.
  Time since last request: 0.000089 seconds.
  path: Assets/BK_AlchemistHouse/Textures/Surfaces/Materials/Copper.mat
  artifactKey: Guid(0552da45826d4cc498f5db18c3057a16) Importer(815301076,1909f56bfc062723c751e8b465ee728b)
Start importing Assets/BK_AlchemistHouse/Textures/Surfaces/Materials/Copper.mat using Guid(0552da45826d4cc498f5db18c3057a16) Importer(815301076,1909f56bfc062723c751e8b465ee728b)  -> (artifact id: '75d4a2f962cd819ae495cb27d36e7b2a') in 0.226568 seconds
Number of updated asset objects reloaded before import = 0
Number of asset objects unloaded after import = 2
========================================================================
Received Import Request.
  Time since last request: 0.000017 seconds.
  path: Assets/BK_AlchemistHouse
  artifactKey: Guid(2886a3ed76ea3a443a157205cb232514) Importer(815301076,1909f56bfc062723c751e8b465ee728b)
Start importing Assets/BK_AlchemistHouse using Guid(2886a3ed76ea3a443a157205cb232514) Importer(815301076,1909f56bfc062723c751e8b465ee728b)  -> (artifact id: '4f594a892dc927c13dfa1782c203e5be') in 0.000328 seconds
Number of updated asset objects reloaded before import = 0
Number of asset objects unloaded after import = 0
========================================================================
Received Import Request.
  Time since last request: 0.000053 seconds.
  path: Assets/BK_AlchemistHouse/Textures/Surfaces/StoneFloor01.png
  artifactKey: Guid(65f4597d13ca2b64eb9af91341a76345) Importer(815301076,1909f56bfc062723c751e8b465ee728b)
Start importing Assets/BK_AlchemistHouse/Textures/Surfaces/StoneFloor01.png using Guid(65f4597d13ca2b64eb9af91341a76345) Importer(815301076,1909f56bfc062723c751e8b465ee728b)  -> (artifact id: 'a98e8e133483da8a509713598a16e4ca') in 0.017424 seconds
Number of updated asset objects reloaded before import = 0
Number of asset objects unloaded after import = 2
========================================================================
Received Import Request.
  Time since last request: 0.000020 seconds.
  path: Assets/BK_AlchemistHouse/Textures/Surfaces/Blackboard_n.png
  artifactKey: Guid(2d98017c5fb115245b13bde1d96ad4cc) Importer(815301076,1909f56bfc062723c751e8b465ee728b)
Start importing Assets/BK_AlchemistHouse/Textures/Surfaces/Blackboard_n.png using Guid(2d98017c5fb115245b13bde1d96ad4cc) Importer(815301076,1909f56bfc062723c751e8b465ee728b)  -> (artifact id: '417c913189e6ce06e86917c4b0106c76') in 0.017980 seconds
Number of updated asset objects reloaded before import = 0
Number of asset objects unloaded after import = 2
========================================================================
Received Import Request.
  Time since last request: 0.000017 seconds.
  path: Assets/BK_AlchemistHouse/Textures/Surfaces/Materials/WoodOrn01.mat
  artifactKey: Guid(8bb543d77c2b84248b3658d104e61522) Importer(815301076,1909f56bfc062723c751e8b465ee728b)
Start importing Assets/BK_AlchemistHouse/Textures/Surfaces/Materials/WoodOrn01.mat using Guid(8bb543d77c2b84248b3658d104e61522) Importer(815301076,1909f56bfc062723c751e8b465ee728b)  -> (artifact id: 'aa46fd52d8ea0c88f47c93bbdb66aaed') in 0.122638 seconds
Number of updated asset objects reloaded before import = 0
Number of asset objects unloaded after import = 4
========================================================================
Received Import Request.
  Time since last request: 0.000022 seconds.
  path: Assets/BK_AlchemistHouse/Textures/Surfaces/Blackboard01c.png
  artifactKey: Guid(248abbc319483784280ce6645f55a265) Importer(815301076,1909f56bfc062723c751e8b465ee728b)
Start importing Assets/BK_AlchemistHouse/Textures/Surfaces/Blackboard01c.png using Guid(248abbc319483784280ce6645f55a265) Importer(815301076,1909f56bfc062723c751e8b465ee728b)  -> (artifact id: '440f598185c2c240e20eb67099f99d46') in 0.074016 seconds
Number of updated asset objects reloaded before import = 0
Number of asset objects unloaded after import = 2
========================================================================
Received Import Request.
  Time since last request: 0.000056 seconds.
  path: Assets/BK_AlchemistHouse/Textures/Surfaces/PlasterBare05.png
  artifactKey: Guid(63b78badb89b12249b0cec91b9b08cd6) Importer(815301076,1909f56bfc062723c751e8b465ee728b)
Start importing Assets/BK_AlchemistHouse/Textures/Surfaces/PlasterBare05.png using Guid(63b78badb89b12249b0cec91b9b08cd6) Importer(815301076,1909f56bfc062723c751e8b465ee728b)  -> (artifact id: 'a1e06395fb0d507bcdeaaebdc4d981a3') in 0.275497 seconds
Number of updated asset objects reloaded before import = 0
Number of asset objects unloaded after import = 2
========================================================================
Received Import Request.
  Time since last request: 0.000024 seconds.
  path: Assets/BK_AlchemistHouse/Textures/Surfaces/Wicker.png
  artifactKey: Guid(d6c3702fe6e5b7441bc061d7e03ee999) Importer(815301076,1909f56bfc062723c751e8b465ee728b)
Start importing Assets/BK_AlchemistHouse/Textures/Surfaces/Wicker.png using Guid(d6c3702fe6e5b7441bc061d7e03ee999) Importer(815301076,1909f56bfc062723c751e8b465ee728b)  -> (artifact id: '78fe76d14ad83bedde46635969376b65') in 0.016373 seconds
Number of updated asset objects reloaded before import = 0
Number of asset objects unloaded after import = 2
========================================================================
Received Import Request.
  Time since last request: 0.000053 seconds.
  path: Assets/BK_AlchemistHouse/Textures/Surfaces/StoneWall01_n.png
  artifactKey: Guid(9fcdfe7163915f04ab85f2911a8f286a) Importer(815301076,1909f56bfc062723c751e8b465ee728b)
Start importing Assets/BK_AlchemistHouse/Textures/Surfaces/StoneWall01_n.png using Guid(9fcdfe7163915f04ab85f2911a8f286a) Importer(815301076,1909f56bfc062723c751e8b465ee728b)  -> (artifact id: '8ae88bbab1580aa10bc9b4f732153dd3') in 0.018415 seconds
Number of updated asset objects reloaded before import = 0
Number of asset objects unloaded after import = 2
========================================================================
Received Import Request.
  Time since last request: 0.000020 seconds.
  path: Assets/BK_AlchemistHouse/Textures/Surfaces/Materials/WoodRough08Planks.mat
  artifactKey: Guid(5d1f10bc650e8884cba607b064c2c0b8) Importer(815301076,1909f56bfc062723c751e8b465ee728b)
Start importing Assets/BK_AlchemistHouse/Textures/Surfaces/Materials/WoodRough08Planks.mat using Guid(5d1f10bc650e8884cba607b064c2c0b8) Importer(815301076,1909f56bfc062723c751e8b465ee728b)  -> (artifact id: '5bc5ad47d987cbc42f532ffe7370058b') in 0.029016 seconds
Number of updated asset objects reloaded before import = 0
Number of asset objects unloaded after import = 5
========================================================================
Received Import Request.
  Time since last request: 0.000017 seconds.
  path: Assets/BK_AlchemistHouse/Textures/Surfaces/WoodRough07_n.png
  artifactKey: Guid(aed41574a9abb354690dba40de07dc69) Importer(815301076,1909f56bfc062723c751e8b465ee728b)
Start importing Assets/BK_AlchemistHouse/Textures/Surfaces/WoodRough07_n.png using Guid(aed41574a9abb354690dba40de07dc69) Importer(815301076,1909f56bfc062723c751e8b465ee728b)  -> (artifact id: '3dcbba72613abdafa071980521f43bfb') in 0.020840 seconds
Number of updated asset objects reloaded before import = 0
Number of asset objects unloaded after import = 2
========================================================================
Received Import Request.
  Time since last request: 0.000024 seconds.
  path: Assets/BK_AlchemistHouse/Textures/Surfaces/PlasterBare04_n.png
  artifactKey: Guid(33adb7870cdfc4c47b38e08c23ef0aa6) Importer(815301076,1909f56bfc062723c751e8b465ee728b)
Start importing Assets/BK_AlchemistHouse/Textures/Surfaces/PlasterBare04_n.png using Guid(33adb7870cdfc4c47b38e08c23ef0aa6) Importer(815301076,1909f56bfc062723c751e8b465ee728b)  -> (artifact id: '6fc329c2b69ec87277586d7ee5330942') in 0.051115 seconds
Number of updated asset objects reloaded before import = 0
Number of asset objects unloaded after import = 2
========================================================================
Received Import Request.
  Time since last request: 0.000021 seconds.
  path: Assets/BK_AlchemistHouse/Textures/Surfaces/WoodRough07b_n.png
  artifactKey: Guid(14652c264dcc4c84b81535bd162ff09b) Importer(815301076,1909f56bfc062723c751e8b465ee728b)
Start importing Assets/BK_AlchemistHouse/Textures/Surfaces/WoodRough07b_n.png using Guid(14652c264dcc4c84b81535bd162ff09b) Importer(815301076,1909f56bfc062723c751e8b465ee728b)  -> (artifact id: 'bd208c675d51cc8c065974ac92f298c3') in 0.305557 seconds
Number of updated asset objects reloaded before import = 0
Number of asset objects unloaded after import = 2
