Using pre-set license
Built from '2022.3/staging' branch; Version is '2022.3.9f1 (ea401c316338) revision 15351836'; Using compiler version '192829333'; Build Type 'Release'
OS: 'Windows 11  (10.0.26200) 64bit Professional' Language: 'en' Physical Memory: 8100 MB
BatchMode: 1, IsHumanControllingUs: 0, StartBugReporterOnCrash: 0, Is64bit: 1, IsPro: 1

COMMAND LINE ARGUMENTS:
E:\Unity Hub\Editor\2022.3.9f1\Editor\Unity.exe
-adb2
-batchMode
-noUpm
-name
AssetImportWorker0
-projectPath
E:/UnityProjects/Playback Protocol/SilentlyTrans/SilentTrans
-logFile
Logs/AssetImportWorker0.log
-srvPort
63492
Successfully changed project path to: E:/UnityProjects/Playback Protocol/SilentlyTrans/SilentTrans
E:/UnityProjects/Playback Protocol/SilentlyTrans/SilentTrans
[UnityMemory] Configuration Parameters - Can be set up in boot.config
    "memorysetup-bucket-allocator-granularity=16"
    "memorysetup-bucket-allocator-bucket-count=8"
    "memorysetup-bucket-allocator-block-size=33554432"
    "memorysetup-bucket-allocator-block-count=8"
    "memorysetup-main-allocator-block-size=16777216"
    "memorysetup-thread-allocator-block-size=16777216"
    "memorysetup-gfx-main-allocator-block-size=16777216"
    "memorysetup-gfx-thread-allocator-block-size=16777216"
    "memorysetup-cache-allocator-block-size=4194304"
    "memorysetup-typetree-allocator-block-size=2097152"
    "memorysetup-profiler-bucket-allocator-granularity=16"
    "memorysetup-profiler-bucket-allocator-bucket-count=8"
    "memorysetup-profiler-bucket-allocator-block-size=33554432"
    "memorysetup-profiler-bucket-allocator-block-count=8"
    "memorysetup-profiler-allocator-block-size=16777216"
    "memorysetup-profiler-editor-allocator-block-size=1048576"
    "memorysetup-temp-allocator-size-main=16777216"
    "memorysetup-job-temp-allocator-block-size=2097152"
    "memorysetup-job-temp-allocator-block-size-background=1048576"
    "memorysetup-job-temp-allocator-reduction-small-platforms=262144"
    "memorysetup-allocator-temp-initial-block-size-main=262144"
    "memorysetup-allocator-temp-initial-block-size-worker=262144"
    "memorysetup-temp-allocator-size-background-worker=32768"
    "memorysetup-temp-allocator-size-job-worker=262144"
    "memorysetup-temp-allocator-size-preload-manager=33554432"
    "memorysetup-temp-allocator-size-nav-mesh-worker=65536"
    "memorysetup-temp-allocator-size-audio-worker=65536"
    "memorysetup-temp-allocator-size-cloud-worker=32768"
    "memorysetup-temp-allocator-size-gi-baking-worker=262144"
    "memorysetup-temp-allocator-size-gfx=262144"
Player connection [21472] Host "[IP] 192.168.1.80 [Port] 0 [Flags] 2 [Guid] 1413618212 [EditorId] 1413618212 [Version] 1048832 [Id] WindowsEditor(7,DESKTOP-PDVMFC3) [Debug] 1 [PackageName] WindowsEditor [ProjectName] Editor" joined multi-casting on [225.0.0.222:54997]...

Player connection [21472] Host "[IP] 192.168.1.80 [Port] 0 [Flags] 2 [Guid] 1413618212 [EditorId] 1413618212 [Version] 1048832 [Id] WindowsEditor(7,DESKTOP-PDVMFC3) [Debug] 1 [PackageName] WindowsEditor [ProjectName] Editor" joined alternative multi-casting on [225.0.0.222:34997]...

[Physics::Module] Initialized MultithreadedJobDispatcher with 11 workers.
Refreshing native plugins compatible for Editor in 222.38 ms, found 1 plugins.
Preloading 0 native plugins for Editor in 0.00 ms.
Initialize engine version: 2022.3.9f1 (ea401c316338)
[Subsystems] Discovering subsystems at path E:/Unity Hub/Editor/2022.3.9f1/Editor/Data/Resources/UnitySubsystems
[Subsystems] Discovering subsystems at path E:/UnityProjects/Playback Protocol/SilentlyTrans/SilentTrans/Assets
GfxDevice: creating device client; threaded=0; jobified=0
Direct3D:
    Version:  Direct3D 11.0 [level 11.1]
    Renderer: NVIDIA GeForce RTX 3060 Ti (ID=0x2489)
    Vendor:   NVIDIA
    VRAM:     8024 MB
    Driver:   32.0.15.8157
Initialize mono
Mono path[0] = 'E:/Unity Hub/Editor/2022.3.9f1/Editor/Data/Managed'
Mono path[1] = 'E:/Unity Hub/Editor/2022.3.9f1/Editor/Data/MonoBleedingEdge/lib/mono/unityjit-win32'
Mono config path = 'E:/Unity Hub/Editor/2022.3.9f1/Editor/Data/MonoBleedingEdge/etc'
Using monoOptions --debugger-agent=transport=dt_socket,embedding=1,server=y,suspend=n,address=127.0.0.1:56468
Begin MonoManager ReloadAssembly
Registering precompiled unity dll's ...
Register platform support module: E:/Unity Hub/Editor/2022.3.9f1/Editor/Data/PlaybackEngines/AndroidPlayer/UnityEditor.Android.Extensions.dll
Register platform support module: E:/Unity Hub/Editor/2022.3.9f1/Editor/Data/PlaybackEngines/WindowsStandaloneSupport/UnityEditor.WindowsStandalone.Extensions.dll
Register platform support module: E:/Unity Hub/Editor/2022.3.9f1/Editor/Data/PlaybackEngines/MetroSupport/UnityEditor.UWP.Extensions.dll
Registered in 0.005973 seconds.
- Loaded All Assemblies, in  0.985 seconds
Native extension for UWP target not found
Native extension for WindowsStandalone target not found
Native extension for Android target not found
Android Extension - Scanning For ADB Devices 353 ms
Mono: successfully reloaded assembly
- Finished resetting the current domain, in  0.765 seconds
Domain Reload Profiling: 1751ms
	BeginReloadAssembly (594ms)
		ExecutionOrderSort (0ms)
		DisableScriptedObjects (0ms)
		BackupInstance (0ms)
		ReleaseScriptingObjects (0ms)
		CreateAndSetChildDomain (1ms)
	RebuildCommonClasses (50ms)
	RebuildNativeTypeToScriptingClass (10ms)
	initialDomainReloadingComplete (49ms)
	LoadAllAssembliesAndSetupDomain (281ms)
		LoadAssemblies (594ms)
		RebuildTransferFunctionScriptingTraits (0ms)
		AnalyzeDomain (279ms)
			TypeCache.Refresh (276ms)
				TypeCache.ScanAssembly (227ms)
			ScanForSourceGeneratedMonoScriptInfo (0ms)
			ResolveRequiredComponents (1ms)
	FinalizeReload (765ms)
		ReleaseScriptCaches (0ms)
		RebuildScriptCaches (0ms)
		SetupLoadedEditorAssemblies (711ms)
			LogAssemblyErrors (0ms)
			InitializePlatformSupportModulesInManaged (555ms)
			SetLoadedEditorAssemblies (4ms)
			RefreshPlugins (0ms)
			BeforeProcessingInitializeOnLoad (2ms)
			ProcessInitializeOnLoadAttributes (90ms)
			ProcessInitializeOnLoadMethodAttributes (59ms)
			AfterProcessingInitializeOnLoad (0ms)
			EditorAssembliesLoaded (0ms)
		ExecutionOrderSort2 (0ms)
		AwakeInstancesAfterBackupRestoration (0ms)
========================================================================
Worker process is ready to serve import requests
Begin MonoManager ReloadAssembly
- Loaded All Assemblies, in  3.536 seconds
Refreshing native plugins compatible for Editor in 1.30 ms, found 1 plugins.
Native extension for UWP target not found
Native extension for WindowsStandalone target not found
Native extension for Android target not found
Mono: successfully reloaded assembly
- Finished resetting the current domain, in  0.610 seconds
Domain Reload Profiling: 4146ms
	BeginReloadAssembly (157ms)
		ExecutionOrderSort (0ms)
		DisableScriptedObjects (5ms)
		BackupInstance (0ms)
		ReleaseScriptingObjects (0ms)
		CreateAndSetChildDomain (23ms)
	RebuildCommonClasses (33ms)
	RebuildNativeTypeToScriptingClass (13ms)
	initialDomainReloadingComplete (34ms)
	LoadAllAssembliesAndSetupDomain (3299ms)
		LoadAssemblies (3186ms)
		RebuildTransferFunctionScriptingTraits (0ms)
		AnalyzeDomain (210ms)
			TypeCache.Refresh (192ms)
				TypeCache.ScanAssembly (153ms)
			ScanForSourceGeneratedMonoScriptInfo (13ms)
			ResolveRequiredComponents (4ms)
	FinalizeReload (610ms)
		ReleaseScriptCaches (0ms)
		RebuildScriptCaches (0ms)
		SetupLoadedEditorAssemblies (401ms)
			LogAssemblyErrors (0ms)
			InitializePlatformSupportModulesInManaged (29ms)
			SetLoadedEditorAssemblies (7ms)
			RefreshPlugins (0ms)
			BeforeProcessingInitializeOnLoad (72ms)
			ProcessInitializeOnLoadAttributes (260ms)
			ProcessInitializeOnLoadMethodAttributes (29ms)
			AfterProcessingInitializeOnLoad (4ms)
			EditorAssembliesLoaded (0ms)
		ExecutionOrderSort2 (0ms)
		AwakeInstancesAfterBackupRestoration (9ms)
Launched and connected shader compiler UnityShaderCompiler.exe after 0.21 seconds
Refreshing native plugins compatible for Editor in 2.27 ms, found 1 plugins.
Preloading 0 native plugins for Editor in 0.00 ms.
Unloading 2778 Unused Serialized files (Serialized files now loaded: 0)
Unloading 22 unused Assets / (53.1 KB). Loaded Objects now: 3251.
Memory consumption went from 113.8 MB to 113.7 MB.
Total: 24.755300 ms (FindLiveObjects: 0.476100 ms CreateObjectMapping: 0.138600 ms MarkObjects: 23.909600 ms  DeleteObjects: 0.229000 ms)

AssetImportParameters requested are different than current active one (requested -> active):
  custom:video-decoder-webm-vp8: 9c59270c3fd7afecdb556c50c9e8de78 -> 
  custom:SearchIndexIgnoredProperties: e643bd26f0fe6173181afceb89e7c659 -> 
  custom:container-demuxer-ogg: 62fdf1f143b41e24485cea50d1cbac27 -> 
  custom:AudioImporter_EditorPlatform: d09bf68614088b80899f8185d706f6e7 -> 
  custom:video-codec-MediaFoundation-h265: 746d11721c4dcdbdad8f713fa42b33f4 -> 
  custom:video-decoder-ogg-theora: a1e56fd34408186e4bbccfd4996cb3dc -> 
  custom:framework-win-MediaFoundation: 216162199b28c13a410421893ffa2e32 -> 
  custom:video-encoder-webm-vp8: eb34c28f22e8b96e1ab97ce403110664 -> 
  custom:audio-decoder-ogg-vorbis: bf7c407c2cedff20999df2af8eb42d56 -> 
  custom:CustomObjectIndexerAttribute: 756ad292c208cfabdd7b50bc23989ffe -> 
  custom:container-demuxer-webm: 4f35f7cbe854078d1ac9338744f61a02 -> 
  custom:audio-encoder-webm-vorbis: bf7c407c2cedff20999df2af8eb42d56 -> 
  custom:container-muxer-webm: aa71ff27fc2769a1b78a27578f13a17b -> 
========================================================================
Received Import Request.
  Time since last request: 4188.412149 seconds.
  path: Assets/BK_AlchemistHouse/Textures/Surfaces/Materials/WoodRough05.mat
  artifactKey: Guid(16a4b31faa3a5e64886d92594a933e24) Importer(815301076,1909f56bfc062723c751e8b465ee728b)
Start importing Assets/BK_AlchemistHouse/Textures/Surfaces/Materials/WoodRough05.mat using Guid(16a4b31faa3a5e64886d92594a933e24) Importer(815301076,1909f56bfc062723c751e8b465ee728b)  -> (artifact id: 'e50da66b0a7cddceb9cbedebd323e689') in 1.213097 seconds
Number of updated asset objects reloaded before import = 0
Number of asset objects unloaded after import = 4
========================================================================
Received Import Request.
  Time since last request: 0.000030 seconds.
  path: Assets/BK_AlchemistHouse/Textures/Surfaces/Blackboard_m.png
  artifactKey: Guid(a344e2df9b1718e489b9645c3f7e349f) Importer(815301076,1909f56bfc062723c751e8b465ee728b)
Start importing Assets/BK_AlchemistHouse/Textures/Surfaces/Blackboard_m.png using Guid(a344e2df9b1718e489b9645c3f7e349f) Importer(815301076,1909f56bfc062723c751e8b465ee728b)  -> (artifact id: 'ed54d34ea516093be9c76ad239f66705') in 0.193529 seconds
Number of updated asset objects reloaded before import = 0
Number of asset objects unloaded after import = 2
========================================================================
Received Import Request.
  Time since last request: 0.000022 seconds.
  path: Assets/BK_AlchemistHouse/Textures/Surfaces/WoodOrn01.png
  artifactKey: Guid(7a0210d44a75b8f4e884f089492efaaf) Importer(815301076,1909f56bfc062723c751e8b465ee728b)
Start importing Assets/BK_AlchemistHouse/Textures/Surfaces/WoodOrn01.png using Guid(7a0210d44a75b8f4e884f089492efaaf) Importer(815301076,1909f56bfc062723c751e8b465ee728b)  -> (artifact id: '44f9fda91eded73d2c49c2dda74340a3') in 0.095449 seconds
Number of updated asset objects reloaded before import = 0
Number of asset objects unloaded after import = 2
========================================================================
Received Import Request.
  Time since last request: 0.000022 seconds.
  path: Assets/BK_AlchemistHouse/Textures/Surfaces/TileFloor01_m.png
  artifactKey: Guid(6a3a1dda01af12344a2866600780a1c4) Importer(815301076,1909f56bfc062723c751e8b465ee728b)
Start importing Assets/BK_AlchemistHouse/Textures/Surfaces/TileFloor01_m.png using Guid(6a3a1dda01af12344a2866600780a1c4) Importer(815301076,1909f56bfc062723c751e8b465ee728b)  -> (artifact id: 'ab5fb77a87d59c1a1b06ea24749cd110') in 0.188612 seconds
Number of updated asset objects reloaded before import = 0
Number of asset objects unloaded after import = 2
========================================================================
Received Import Request.
  Time since last request: 0.000022 seconds.
  path: Assets/BK_AlchemistHouse/Textures/Surfaces/Wicker_o.png
  artifactKey: Guid(75e4ff4665abd674496c1e2c0c2fda92) Importer(815301076,1909f56bfc062723c751e8b465ee728b)
Start importing Assets/BK_AlchemistHouse/Textures/Surfaces/Wicker_o.png using Guid(75e4ff4665abd674496c1e2c0c2fda92) Importer(815301076,1909f56bfc062723c751e8b465ee728b)  -> (artifact id: '0289235518bfa2758962675daae1585d') in 0.391549 seconds
Number of updated asset objects reloaded before import = 0
Number of asset objects unloaded after import = 2
========================================================================
Received Import Request.
  Time since last request: 0.000029 seconds.
  path: Assets/BK_AlchemistHouse/Textures/Surfaces/Materials/DustFloor.mat
  artifactKey: Guid(bd572909a6f048647aaa0af7d1b8cd86) Importer(815301076,1909f56bfc062723c751e8b465ee728b)
Start importing Assets/BK_AlchemistHouse/Textures/Surfaces/Materials/DustFloor.mat using Guid(bd572909a6f048647aaa0af7d1b8cd86) Importer(815301076,1909f56bfc062723c751e8b465ee728b)  -> (artifact id: '7fde85e0b7dab4cdb3152eb6f97a3848') in 0.521323 seconds
Number of updated asset objects reloaded before import = 0
Number of asset objects unloaded after import = 3
========================================================================
Received Import Request.
  Time since last request: 0.000026 seconds.
  path: Assets/BK_AlchemistHouse/Textures/Surfaces/Marble.png
  artifactKey: Guid(2cd666e68062b3c458ea60f61bc247dd) Importer(815301076,1909f56bfc062723c751e8b465ee728b)
Start importing Assets/BK_AlchemistHouse/Textures/Surfaces/Marble.png using Guid(2cd666e68062b3c458ea60f61bc247dd) Importer(815301076,1909f56bfc062723c751e8b465ee728b)  -> (artifact id: '8ad0a484634e31227289235e4b8277de') in 0.117617 seconds
Number of updated asset objects reloaded before import = 0
Number of asset objects unloaded after import = 2
========================================================================
Received Import Request.
  Time since last request: 0.000015 seconds.
  path: Assets/BK_AlchemistHouse/Textures/Surfaces/WoodOrn_m.png
  artifactKey: Guid(26fe869250281d749bdc9ca08b7dd379) Importer(815301076,1909f56bfc062723c751e8b465ee728b)
Start importing Assets/BK_AlchemistHouse/Textures/Surfaces/WoodOrn_m.png using Guid(26fe869250281d749bdc9ca08b7dd379) Importer(815301076,1909f56bfc062723c751e8b465ee728b)  -> (artifact id: '18824986385e6468bcc8955a4297d56e') in 0.190745 seconds
Number of updated asset objects reloaded before import = 0
Number of asset objects unloaded after import = 2
========================================================================
Received Import Request.
  Time since last request: 0.000025 seconds.
  path: Assets/BK_AlchemistHouse/Textures/Surfaces/DustFloor_n.png
  artifactKey: Guid(4821fc4a65555604691e48832d3bb2c3) Importer(815301076,1909f56bfc062723c751e8b465ee728b)
Start importing Assets/BK_AlchemistHouse/Textures/Surfaces/DustFloor_n.png using Guid(4821fc4a65555604691e48832d3bb2c3) Importer(815301076,1909f56bfc062723c751e8b465ee728b)  -> (artifact id: '31c5e8a9e6774bd0501e46b8c6937e08') in 0.024416 seconds
Number of updated asset objects reloaded before import = 0
Number of asset objects unloaded after import = 2
========================================================================
Received Import Request.
  Time since last request: 0.000027 seconds.
  path: Assets/BK_AlchemistHouse/Textures/Surfaces/Metal_m.png
  artifactKey: Guid(ae7bb595415c9744cababbe58b79344a) Importer(815301076,1909f56bfc062723c751e8b465ee728b)
Start importing Assets/BK_AlchemistHouse/Textures/Surfaces/Metal_m.png using Guid(ae7bb595415c9744cababbe58b79344a) Importer(815301076,1909f56bfc062723c751e8b465ee728b)  -> (artifact id: '7f1e9bd415166b6c9c96d979890e2849') in 0.339452 seconds
Number of updated asset objects reloaded before import = 0
Number of asset objects unloaded after import = 2
========================================================================
Received Import Request.
  Time since last request: 0.000015 seconds.
  path: Assets/BK_AlchemistHouse/Textures/Surfaces/Materials/BlackboardWorldmap.mat
  artifactKey: Guid(2de02cf4aaf0d0a48926a57e90491a43) Importer(815301076,1909f56bfc062723c751e8b465ee728b)
Start importing Assets/BK_AlchemistHouse/Textures/Surfaces/Materials/BlackboardWorldmap.mat using Guid(2de02cf4aaf0d0a48926a57e90491a43) Importer(815301076,1909f56bfc062723c751e8b465ee728b)  -> (artifact id: '3a4d8fa62152418371a13960a91de368') in 0.025723 seconds
Number of updated asset objects reloaded before import = 0
Number of asset objects unloaded after import = 4
========================================================================
Received Import Request.
  Time since last request: 0.000028 seconds.
  path: Assets/BK_AlchemistHouse/Textures/Surfaces/Materials/Chrome.mat
  artifactKey: Guid(c03b41ea5031aa647996cb9a7c734e29) Importer(815301076,1909f56bfc062723c751e8b465ee728b)
Start importing Assets/BK_AlchemistHouse/Textures/Surfaces/Materials/Chrome.mat using Guid(c03b41ea5031aa647996cb9a7c734e29) Importer(815301076,1909f56bfc062723c751e8b465ee728b)  -> (artifact id: '41c9b5932f5e1e8d6ff7d5e81768194b') in 0.014648 seconds
Number of updated asset objects reloaded before import = 0
Number of asset objects unloaded after import = 1
========================================================================
Received Import Request.
  Time since last request: 0.000048 seconds.
  path: Assets/BK_AlchemistHouse/Textures/Surfaces/Materials/PlasterBare04.mat
  artifactKey: Guid(033c4e4b7c84c454a8dd100ed2090f49) Importer(815301076,1909f56bfc062723c751e8b465ee728b)
Start importing Assets/BK_AlchemistHouse/Textures/Surfaces/Materials/PlasterBare04.mat using Guid(033c4e4b7c84c454a8dd100ed2090f49) Importer(815301076,1909f56bfc062723c751e8b465ee728b)  -> (artifact id: '0053e387da2b673ecdd9f106193d37f0') in 0.712005 seconds
Number of updated asset objects reloaded before import = 0
Number of asset objects unloaded after import = 4
========================================================================
Received Import Request.
  Time since last request: 0.000021 seconds.
  path: Assets/BK_AlchemistHouse/Textures/Surfaces/Materials/Carpet03.mat
  artifactKey: Guid(553814b846ed16542ad474da4d9d5dd2) Importer(815301076,1909f56bfc062723c751e8b465ee728b)
Start importing Assets/BK_AlchemistHouse/Textures/Surfaces/Materials/Carpet03.mat using Guid(553814b846ed16542ad474da4d9d5dd2) Importer(815301076,1909f56bfc062723c751e8b465ee728b)  -> (artifact id: '38b509900261685d41dddb5d35300aee') in 0.525229 seconds
Number of updated asset objects reloaded before import = 0
Number of asset objects unloaded after import = 4
========================================================================
Received Import Request.
  Time since last request: 0.000027 seconds.
  path: Assets/BK_AlchemistHouse/Textures/Surfaces/PlasterBare02w.png
  artifactKey: Guid(cef90e8d8d8e2f4468bbdfe819dff305) Importer(815301076,1909f56bfc062723c751e8b465ee728b)
Start importing Assets/BK_AlchemistHouse/Textures/Surfaces/PlasterBare02w.png using Guid(cef90e8d8d8e2f4468bbdfe819dff305) Importer(815301076,1909f56bfc062723c751e8b465ee728b)  -> (artifact id: 'ba5fcf5f4543bf507538e21d871bc4b1') in 0.098710 seconds
Number of updated asset objects reloaded before import = 0
Number of asset objects unloaded after import = 2
========================================================================
Received Import Request.
  Time since last request: 0.000016 seconds.
  path: Assets/BK_AlchemistHouse/Textures/Surfaces/Materials/WoodRough03.mat
  artifactKey: Guid(9067a3010d5cb9c48bfba4165d38354b) Importer(815301076,1909f56bfc062723c751e8b465ee728b)
Start importing Assets/BK_AlchemistHouse/Textures/Surfaces/Materials/WoodRough03.mat using Guid(9067a3010d5cb9c48bfba4165d38354b) Importer(815301076,1909f56bfc062723c751e8b465ee728b)  -> (artifact id: '31d6282403d89ef1de2afee9ab1ae13f') in 0.586631 seconds
Number of updated asset objects reloaded before import = 0
Number of asset objects unloaded after import = 4
========================================================================
Received Import Request.
  Time since last request: 0.000023 seconds.
  path: Assets/BK_AlchemistHouse/Textures/Surfaces/TileFloor01_n.png
  artifactKey: Guid(ef082a9adc525f94cbccd36fee30ef00) Importer(815301076,1909f56bfc062723c751e8b465ee728b)
Start importing Assets/BK_AlchemistHouse/Textures/Surfaces/TileFloor01_n.png using Guid(ef082a9adc525f94cbccd36fee30ef00) Importer(815301076,1909f56bfc062723c751e8b465ee728b)  -> (artifact id: '92631cddf0cdf322ace0a00b13806a50') in 0.256783 seconds
Number of updated asset objects reloaded before import = 0
Number of asset objects unloaded after import = 2
========================================================================
Received Import Request.
  Time since last request: 0.000053 seconds.
  path: Assets/BK_AlchemistHouse/Textures/Surfaces/Materials/StoneWall01.mat
  artifactKey: Guid(2f2d652e95d4eb443aef949c2760c822) Importer(815301076,1909f56bfc062723c751e8b465ee728b)
Start importing Assets/BK_AlchemistHouse/Textures/Surfaces/Materials/StoneWall01.mat using Guid(2f2d652e95d4eb443aef949c2760c822) Importer(815301076,1909f56bfc062723c751e8b465ee728b)  -> (artifact id: '9831d3bb2fbc251f4c8d58f4bcbdbac1') in 0.339728 seconds
Number of updated asset objects reloaded before import = 0
Number of asset objects unloaded after import = 5
========================================================================
Received Import Request.
  Time since last request: 0.000019 seconds.
  path: Assets/BK_AlchemistHouse/Textures/Surfaces/Materials/WindowsLight.mat
  artifactKey: Guid(546891ebafad7b6498ff0dc4c3c2c243) Importer(815301076,1909f56bfc062723c751e8b465ee728b)
Start importing Assets/BK_AlchemistHouse/Textures/Surfaces/Materials/WindowsLight.mat using Guid(546891ebafad7b6498ff0dc4c3c2c243) Importer(815301076,1909f56bfc062723c751e8b465ee728b)  -> (artifact id: '8ec90ad4ec562872d9d8f174a2aaab7b') in 0.018938 seconds
Number of updated asset objects reloaded before import = 0
Number of asset objects unloaded after import = 1
========================================================================
Received Import Request.
  Time since last request: 0.000031 seconds.
  path: Assets/BK_AlchemistHouse/Textures/Surfaces/Blackboard01b.png
  artifactKey: Guid(4b12db125f0189345a0bd922a203337a) Importer(815301076,1909f56bfc062723c751e8b465ee728b)
Start importing Assets/BK_AlchemistHouse/Textures/Surfaces/Blackboard01b.png using Guid(4b12db125f0189345a0bd922a203337a) Importer(815301076,1909f56bfc062723c751e8b465ee728b)  -> (artifact id: 'ab3cc4630580074adbc91b21a956b607') in 0.023920 seconds
Number of updated asset objects reloaded before import = 0
Number of asset objects unloaded after import = 2
========================================================================
Received Import Request.
  Time since last request: 0.000015 seconds.
  path: Assets/BK_AlchemistHouse/Textures/Surfaces/Marble_n.png
  artifactKey: Guid(a9b86132335bd3b40b774eea1c5d04c5) Importer(815301076,1909f56bfc062723c751e8b465ee728b)
Start importing Assets/BK_AlchemistHouse/Textures/Surfaces/Marble_n.png using Guid(a9b86132335bd3b40b774eea1c5d04c5) Importer(815301076,1909f56bfc062723c751e8b465ee728b)  -> (artifact id: '3199fec96dda4c7d338a91f729426180') in 0.019786 seconds
Number of updated asset objects reloaded before import = 0
Number of asset objects unloaded after import = 2
========================================================================
Received Import Request.
  Time since last request: 0.000020 seconds.
  path: Assets/BK_AlchemistHouse/Textures/Surfaces/Marble_m.png
  artifactKey: Guid(4379ac279f5c6d5438f16bad034f0e55) Importer(815301076,1909f56bfc062723c751e8b465ee728b)
Start importing Assets/BK_AlchemistHouse/Textures/Surfaces/Marble_m.png using Guid(4379ac279f5c6d5438f16bad034f0e55) Importer(815301076,1909f56bfc062723c751e8b465ee728b)  -> (artifact id: 'a953ca567ba09265f3cbcbb1b0113581') in 0.010002 seconds
Number of updated asset objects reloaded before import = 0
Number of asset objects unloaded after import = 2
========================================================================
Received Import Request.
  Time since last request: 0.000027 seconds.
  path: Assets/BK_AlchemistHouse/Textures/Surfaces/Wood01_n.png
  artifactKey: Guid(d474327928e1c0c40ae28afc64c6484a) Importer(815301076,1909f56bfc062723c751e8b465ee728b)
Start importing Assets/BK_AlchemistHouse/Textures/Surfaces/Wood01_n.png using Guid(d474327928e1c0c40ae28afc64c6484a) Importer(815301076,1909f56bfc062723c751e8b465ee728b)  -> (artifact id: 'beb33ae2420517770febfd65d3866731') in 0.018816 seconds
Number of updated asset objects reloaded before import = 0
Number of asset objects unloaded after import = 2
========================================================================
Received Import Request.
  Time since last request: 0.000017 seconds.
  path: Assets/BK_AlchemistHouse/Textures/Surfaces/WoodRough08Planks_m.png
  artifactKey: Guid(bf11c310f36aee241aff24556ead08f3) Importer(815301076,1909f56bfc062723c751e8b465ee728b)
Start importing Assets/BK_AlchemistHouse/Textures/Surfaces/WoodRough08Planks_m.png using Guid(bf11c310f36aee241aff24556ead08f3) Importer(815301076,1909f56bfc062723c751e8b465ee728b)  -> (artifact id: '8d16e925f3b43197e77866afebce9006') in 0.037320 seconds
Number of updated asset objects reloaded before import = 0
Number of asset objects unloaded after import = 2
========================================================================
Received Import Request.
  Time since last request: 0.000020 seconds.
  path: Assets/BK_AlchemistHouse/Textures/Surfaces/StoneFloor01_n.png
  artifactKey: Guid(ab8670b7be5ce7f44aa07db6c475692d) Importer(815301076,1909f56bfc062723c751e8b465ee728b)
Start importing Assets/BK_AlchemistHouse/Textures/Surfaces/StoneFloor01_n.png using Guid(ab8670b7be5ce7f44aa07db6c475692d) Importer(815301076,1909f56bfc062723c751e8b465ee728b)  -> (artifact id: '389dc5d1af3b322398c3c20b2e84e23f') in 0.101348 seconds
Number of updated asset objects reloaded before import = 0
Number of asset objects unloaded after import = 2
========================================================================
Received Import Request.
  Time since last request: 0.000021 seconds.
  path: Assets/BK_AlchemistHouse/Textures/Surfaces/WoodRough03.png
  artifactKey: Guid(0cb0921db3a2dd144a53cf307c0f96e4) Importer(815301076,1909f56bfc062723c751e8b465ee728b)
Start importing Assets/BK_AlchemistHouse/Textures/Surfaces/WoodRough03.png using Guid(0cb0921db3a2dd144a53cf307c0f96e4) Importer(815301076,1909f56bfc062723c751e8b465ee728b)  -> (artifact id: '904a7c3b8433c6c71ffbd7d4c25c46b9') in 0.077471 seconds
Number of updated asset objects reloaded before import = 0
Number of asset objects unloaded after import = 2
========================================================================
Received Import Request.
  Time since last request: 0.000031 seconds.
  path: Assets/BK_AlchemistHouse/Textures/Surfaces/Materials/TileFloor01.mat
  artifactKey: Guid(f188a2ba066df3e498802df10234d601) Importer(815301076,1909f56bfc062723c751e8b465ee728b)
Start importing Assets/BK_AlchemistHouse/Textures/Surfaces/Materials/TileFloor01.mat using Guid(f188a2ba066df3e498802df10234d601) Importer(815301076,1909f56bfc062723c751e8b465ee728b)  -> (artifact id: 'e2364363548f814ceb1b1c9e20642856') in 0.024518 seconds
Number of updated asset objects reloaded before import = 0
Number of asset objects unloaded after import = 4
========================================================================
Received Import Request.
  Time since last request: 0.000025 seconds.
  path: Assets/BK_AlchemistHouse/Textures/Surfaces/WoodRough08Planks_o.png
  artifactKey: Guid(f5e26a95242cb674a957895dde81377a) Importer(815301076,1909f56bfc062723c751e8b465ee728b)
Start importing Assets/BK_AlchemistHouse/Textures/Surfaces/WoodRough08Planks_o.png using Guid(f5e26a95242cb674a957895dde81377a) Importer(815301076,1909f56bfc062723c751e8b465ee728b)  -> (artifact id: 'fc0e1da805973537cc5b1cd49faa8479') in 0.084692 seconds
Number of updated asset objects reloaded before import = 0
Number of asset objects unloaded after import = 2
========================================================================
Received Import Request.
  Time since last request: 0.000016 seconds.
  path: Assets/BK_AlchemistHouse/Textures/Surfaces/WoodRough08_n.png
  artifactKey: Guid(7536a4185f2d917469875c78c20c3da5) Importer(815301076,1909f56bfc062723c751e8b465ee728b)
Start importing Assets/BK_AlchemistHouse/Textures/Surfaces/WoodRough08_n.png using Guid(7536a4185f2d917469875c78c20c3da5) Importer(815301076,1909f56bfc062723c751e8b465ee728b)  -> (artifact id: '4213aa7d99d552f5a13f52a450f6f0a4') in 0.020506 seconds
Number of updated asset objects reloaded before import = 0
Number of asset objects unloaded after import = 2
========================================================================
Received Import Request.
  Time since last request: 0.000016 seconds.
  path: Assets/BK_AlchemistHouse/Textures/Surfaces/Concrete01.png
  artifactKey: Guid(544ad1ab2fa9fee4482c7f34b82681f6) Importer(815301076,1909f56bfc062723c751e8b465ee728b)
Start importing Assets/BK_AlchemistHouse/Textures/Surfaces/Concrete01.png using Guid(544ad1ab2fa9fee4482c7f34b82681f6) Importer(815301076,1909f56bfc062723c751e8b465ee728b)  -> (artifact id: '83aa3d9aaa41e84bc7f642cec5d55705') in 0.018687 seconds
Number of updated asset objects reloaded before import = 0
Number of asset objects unloaded after import = 2
========================================================================
Received Import Request.
  Time since last request: 0.000018 seconds.
  path: Assets/BK_AlchemistHouse/Textures/Surfaces/WoodRough06_m.png
  artifactKey: Guid(d7fb652030879864780fd25e531aef45) Importer(815301076,1909f56bfc062723c751e8b465ee728b)
Start importing Assets/BK_AlchemistHouse/Textures/Surfaces/WoodRough06_m.png using Guid(d7fb652030879864780fd25e531aef45) Importer(815301076,1909f56bfc062723c751e8b465ee728b)  -> (artifact id: '44ee5470364a77bc19727a9cdd40048a') in 0.011612 seconds
Number of updated asset objects reloaded before import = 0
Number of asset objects unloaded after import = 2
========================================================================
Received Import Request.
  Time since last request: 0.000020 seconds.
  path: Assets/BK_AlchemistHouse/Textures/Surfaces/Materials/WoodRough03b_m.mat
  artifactKey: Guid(445fdcc24651f1d4499a72791aea0367) Importer(815301076,1909f56bfc062723c751e8b465ee728b)
Start importing Assets/BK_AlchemistHouse/Textures/Surfaces/Materials/WoodRough03b_m.mat using Guid(445fdcc24651f1d4499a72791aea0367) Importer(815301076,1909f56bfc062723c751e8b465ee728b)  -> (artifact id: '3f3362fd3c941cf6523e79cedfae4dce') in 0.020021 seconds
Number of updated asset objects reloaded before import = 0
Number of asset objects unloaded after import = 4
========================================================================
Received Import Request.
  Time since last request: 0.000018 seconds.
  path: Assets/BK_AlchemistHouse/Textures/Surfaces/WindowGlass01_s.png
  artifactKey: Guid(b90b16b23c870fd4a9d37e6e98518e7e) Importer(815301076,1909f56bfc062723c751e8b465ee728b)
Start importing Assets/BK_AlchemistHouse/Textures/Surfaces/WindowGlass01_s.png using Guid(b90b16b23c870fd4a9d37e6e98518e7e) Importer(815301076,1909f56bfc062723c751e8b465ee728b)  -> (artifact id: '875ce9f024a9263d81ce8be4575e8ef8') in 0.018809 seconds
Number of updated asset objects reloaded before import = 0
Number of asset objects unloaded after import = 2
========================================================================
Received Import Request.
  Time since last request: 0.000017 seconds.
  path: Assets/BK_AlchemistHouse/Textures/Surfaces/Blackboard01d.png
  artifactKey: Guid(0154a4e52bc614c4c8df9a4c281f6df2) Importer(815301076,1909f56bfc062723c751e8b465ee728b)
Start importing Assets/BK_AlchemistHouse/Textures/Surfaces/Blackboard01d.png using Guid(0154a4e52bc614c4c8df9a4c281f6df2) Importer(815301076,1909f56bfc062723c751e8b465ee728b)  -> (artifact id: '5549cb5bb1c79c438c7639c9e07f705e') in 0.298731 seconds
Number of updated asset objects reloaded before import = 0
Number of asset objects unloaded after import = 2
========================================================================
Received Import Request.
  Time since last request: 0.000026 seconds.
  path: Assets/BK_AlchemistHouse/Textures/Surfaces/WoodRough03b_n.png
  artifactKey: Guid(2c10721881f16af4d8982b5e2890088e) Importer(815301076,1909f56bfc062723c751e8b465ee728b)
Start importing Assets/BK_AlchemistHouse/Textures/Surfaces/WoodRough03b_n.png using Guid(2c10721881f16af4d8982b5e2890088e) Importer(815301076,1909f56bfc062723c751e8b465ee728b)  -> (artifact id: '8a60b54631d1e8e3f457198a51412f8f') in 0.020901 seconds
Number of updated asset objects reloaded before import = 0
Number of asset objects unloaded after import = 2
========================================================================
Received Import Request.
  Time since last request: 0.000033 seconds.
  path: Assets/BK_AlchemistHouse/Textures/Surfaces/PlasterBare02_n.png
  artifactKey: Guid(e06aeae8f78c3cc4b9237ccc79f0a4e2) Importer(815301076,1909f56bfc062723c751e8b465ee728b)
Start importing Assets/BK_AlchemistHouse/Textures/Surfaces/PlasterBare02_n.png using Guid(e06aeae8f78c3cc4b9237ccc79f0a4e2) Importer(815301076,1909f56bfc062723c751e8b465ee728b)  -> (artifact id: '569dbe5d46e4bfd3d9b3832356774404') in 0.051450 seconds
Number of updated asset objects reloaded before import = 0
Number of asset objects unloaded after import = 2
========================================================================
Received Import Request.
  Time since last request: 0.000019 seconds.
  path: Assets/BK_AlchemistHouse/Textures/Surfaces/WoodRough07b.png
  artifactKey: Guid(c37253bc7aaee8143ad81d39ed131631) Importer(815301076,1909f56bfc062723c751e8b465ee728b)
Start importing Assets/BK_AlchemistHouse/Textures/Surfaces/WoodRough07b.png using Guid(c37253bc7aaee8143ad81d39ed131631) Importer(815301076,1909f56bfc062723c751e8b465ee728b)  -> (artifact id: '88aef1a23d5deec4d8fde14ad9cb93d7') in 0.178984 seconds
Number of updated asset objects reloaded before import = 0
Number of asset objects unloaded after import = 2
Editor requested this worker to shutdown with reason: Scaling down because of idle timeout
TcpMessagingSession - receive error: operation aborted. errorcode: 995, details: The I/O operation has been aborted because of either a thread exit or an application request.
AssetImportWorker is now disconnected from the server
Process exiting
Exiting without the bug reporter. Application will terminate with return code 0